Archive member included because of file (symbol)

/usr/bin/../lib/gcc/arm-none-eabi/4.9.3/../../../../arm-none-eabi/lib/cortex-m7/softfp/fpv5-sp-d16/libg.a(lib_a-exit.o)
                              /usr/bin/../lib/gcc/arm-none-eabi/4.9.3/../../../../arm-none-eabi/lib/cortex-m7/softfp/fpv5-sp-d16/crt0.o (exit)
/usr/bin/../lib/gcc/arm-none-eabi/4.9.3/../../../../arm-none-eabi/lib/cortex-m7/softfp/fpv5-sp-d16/libg.a(lib_a-impure.o)
                              /usr/bin/../lib/gcc/arm-none-eabi/4.9.3/../../../../arm-none-eabi/lib/cortex-m7/softfp/fpv5-sp-d16/libg.a(lib_a-exit.o) (_global_impure_ptr)
/usr/bin/../lib/gcc/arm-none-eabi/4.9.3/../../../../arm-none-eabi/lib/cortex-m7/softfp/fpv5-sp-d16/libg.a(lib_a-init.o)
                              /usr/bin/../lib/gcc/arm-none-eabi/4.9.3/../../../../arm-none-eabi/lib/cortex-m7/softfp/fpv5-sp-d16/crt0.o (__libc_init_array)
/usr/bin/../lib/gcc/arm-none-eabi/4.9.3/../../../../arm-none-eabi/lib/cortex-m7/softfp/fpv5-sp-d16/libg.a(lib_a-malloc.o)
                              bin/obj/usbd_cdc.o (malloc)
/usr/bin/../lib/gcc/arm-none-eabi/4.9.3/../../../../arm-none-eabi/lib/cortex-m7/softfp/fpv5-sp-d16/libg.a(lib_a-mallocr.o)
                              /usr/bin/../lib/gcc/arm-none-eabi/4.9.3/../../../../arm-none-eabi/lib/cortex-m7/softfp/fpv5-sp-d16/libg.a(lib_a-malloc.o) (_malloc_r)
/usr/bin/../lib/gcc/arm-none-eabi/4.9.3/../../../../arm-none-eabi/lib/cortex-m7/softfp/fpv5-sp-d16/libg.a(lib_a-memcpy.o)
                              bin/obj/cmd.o (memcpy)
/usr/bin/../lib/gcc/arm-none-eabi/4.9.3/../../../../arm-none-eabi/lib/cortex-m7/softfp/fpv5-sp-d16/libg.a(lib_a-memset.o)
                              /usr/bin/../lib/gcc/arm-none-eabi/4.9.3/../../../../arm-none-eabi/lib/cortex-m7/softfp/fpv5-sp-d16/crt0.o (memset)
/usr/bin/../lib/gcc/arm-none-eabi/4.9.3/../../../../arm-none-eabi/lib/cortex-m7/softfp/fpv5-sp-d16/libg.a(lib_a-mlock.o)
                              /usr/bin/../lib/gcc/arm-none-eabi/4.9.3/../../../../arm-none-eabi/lib/cortex-m7/softfp/fpv5-sp-d16/libg.a(lib_a-mallocr.o) (__malloc_lock)
/usr/bin/../lib/gcc/arm-none-eabi/4.9.3/../../../../arm-none-eabi/lib/cortex-m7/softfp/fpv5-sp-d16/libg.a(lib_a-reent.o)
                              bin/obj/syscalls.o (errno)
/usr/bin/../lib/gcc/arm-none-eabi/4.9.3/../../../../arm-none-eabi/lib/cortex-m7/softfp/fpv5-sp-d16/libg.a(lib_a-sbrkr.o)
                              /usr/bin/../lib/gcc/arm-none-eabi/4.9.3/../../../../arm-none-eabi/lib/cortex-m7/softfp/fpv5-sp-d16/libg.a(lib_a-mallocr.o) (_sbrk_r)
/usr/bin/../lib/gcc/arm-none-eabi/4.9.3/../../../../arm-none-eabi/lib/cortex-m7/softfp/fpv5-sp-d16/libg.a(lib_a-strlen.o)
                              bin/obj/cmd.o (strlen)
/usr/bin/../lib/gcc/arm-none-eabi/4.9.3/../../../../arm-none-eabi/lib/cortex-m7/softfp/fpv5-sp-d16/libg.a(lib_a-vsnprintf.o)
                              bin/obj/vcp.o (vsnprintf)
/usr/bin/../lib/gcc/arm-none-eabi/4.9.3/../../../../arm-none-eabi/lib/cortex-m7/softfp/fpv5-sp-d16/libg.a(lib_a-__call_atexit.o)
                              /usr/bin/../lib/gcc/arm-none-eabi/4.9.3/../../../../arm-none-eabi/lib/cortex-m7/softfp/fpv5-sp-d16/libg.a(lib_a-exit.o) (__call_exitprocs)
/usr/bin/../lib/gcc/arm-none-eabi/4.9.3/../../../../arm-none-eabi/lib/cortex-m7/softfp/fpv5-sp-d16/libg.a(lib_a-atexit.o)
                              /usr/bin/../lib/gcc/arm-none-eabi/4.9.3/../../../../arm-none-eabi/lib/cortex-m7/softfp/fpv5-sp-d16/libg.a(lib_a-__call_atexit.o) (atexit)
/usr/bin/../lib/gcc/arm-none-eabi/4.9.3/../../../../arm-none-eabi/lib/cortex-m7/softfp/fpv5-sp-d16/libg.a(lib_a-fini.o)
                              /usr/bin/../lib/gcc/arm-none-eabi/4.9.3/../../../../arm-none-eabi/lib/cortex-m7/softfp/fpv5-sp-d16/libg.a(lib_a-__call_atexit.o) (__libc_fini_array)
/usr/bin/../lib/gcc/arm-none-eabi/4.9.3/../../../../arm-none-eabi/lib/cortex-m7/softfp/fpv5-sp-d16/libg.a(lib_a-freer.o)
                              /usr/bin/../lib/gcc/arm-none-eabi/4.9.3/../../../../arm-none-eabi/lib/cortex-m7/softfp/fpv5-sp-d16/libg.a(lib_a-malloc.o) (_free_r)
/usr/bin/../lib/gcc/arm-none-eabi/4.9.3/../../../../arm-none-eabi/lib/cortex-m7/softfp/fpv5-sp-d16/libg.a(lib_a-svfprintf.o)
                              /usr/bin/../lib/gcc/arm-none-eabi/4.9.3/../../../../arm-none-eabi/lib/cortex-m7/softfp/fpv5-sp-d16/libg.a(lib_a-vsnprintf.o) (_svfprintf_r)
/usr/bin/../lib/gcc/arm-none-eabi/4.9.3/../../../../arm-none-eabi/lib/cortex-m7/softfp/fpv5-sp-d16/libg.a(lib_a-__atexit.o)
                              /usr/bin/../lib/gcc/arm-none-eabi/4.9.3/../../../../arm-none-eabi/lib/cortex-m7/softfp/fpv5-sp-d16/libg.a(lib_a-atexit.o) (__register_exitproc)
/usr/bin/../lib/gcc/arm-none-eabi/4.9.3/../../../../arm-none-eabi/lib/cortex-m7/softfp/fpv5-sp-d16/libg.a(lib_a-dtoa.o)
                              /usr/bin/../lib/gcc/arm-none-eabi/4.9.3/../../../../arm-none-eabi/lib/cortex-m7/softfp/fpv5-sp-d16/libg.a(lib_a-svfprintf.o) (_dtoa_r)
[...]
Memory Configuration

Name             Origin             Length             Attributes
FLASH            0x0000000008000000 0x0000000000010000 xr
Memory1          0x0000000020000000 0x00000000000000a0 xrw
Memory2          0x00000000200000a0 0x00000000000000a0 xrw
Memory3          0x0000000020000140 0x0000000000001dc4 xrw
Memory4          0x0000000020001f04 0x0000000000001dc4 xrw
RAM1             0x0000000020003cc8 0x0000000000006024 xrw
RAM2             0x0000000020009cec 0x0000000000007800 xrw
RAM              0x00000000200114ec 0x000000000003eb14 xrw
QSPI             0x0000000090000000 0x0000000001000000 xr
*default*        0x0000000000000000 0xffffffffffffffff

Linker script and memory map

LOAD /usr/bin/../lib/gcc/arm-none-eabi/4.9.3/cortex-m7/softfp/fpv5-sp-d16/crti.o
LOAD /usr/bin/../lib/gcc/arm-none-eabi/4.9.3/cortex-m7/softfp/fpv5-sp-d16/crtbegin.o
LOAD /usr/bin/../lib/gcc/arm-none-eabi/4.9.3/../../../../arm-none-eabi/lib/cortex-m7/softfp/fpv5-sp-d16/crt0.o
LOAD /tmp/ccaSDDCH.o
LOAD bin/obj/cmd.o
LOAD bin/obj/crc.o
LOAD bin/obj/bsp.o
LOAD bin/obj/button.o
LOAD bin/obj/led.o
LOAD bin/obj/usbd_cdc.o
LOAD bin/obj/usbd_cdc_interface.o
LOAD bin/obj/usbd_conf.o
LOAD bin/obj/usbd_desc.o
LOAD bin/obj/wdg.o
LOAD bin/obj/stm32f7xx_it.o
LOAD bin/obj/syscalls.o
LOAD bin/obj/system_clock.o
LOAD bin/obj/system_stm32f7xx.o
LOAD bin/obj/delay.o
LOAD bin/obj/flash.o
LOAD bin/obj/hal.o
LOAD bin/obj/msg.o
LOAD bin/obj/util.o
LOAD bin/obj/vcp.o
LOAD bin/obj/stm32f7xx_hal_adc.o
LOAD bin/obj/stm32f7xx_hal_adc_ex.o
LOAD bin/obj/stm32f7xx_hal.o
LOAD bin/obj/stm32f7xx_hal_can.o
LOAD bin/obj/stm32f7xx_hal_cec.o
LOAD bin/obj/stm32f7xx_hal_cortex.o
LOAD bin/obj/stm32f7xx_hal_crc.o
LOAD bin/obj/stm32f7xx_hal_crc_ex.o
LOAD bin/obj/stm32f7xx_hal_cryp.o
LOAD bin/obj/stm32f7xx_hal_cryp_ex.o
LOAD bin/obj/stm32f7xx_hal_dac.o
LOAD bin/obj/stm32f7xx_hal_dac_ex.o
LOAD bin/obj/stm32f7xx_hal_dcmi.o
LOAD bin/obj/stm32f7xx_hal_dcmi_ex.o
LOAD bin/obj/stm32f7xx_hal_dfsdm.o
LOAD bin/obj/stm32f7xx_hal_dma2d.o
LOAD bin/obj/stm32f7xx_hal_dma.o
LOAD bin/obj/stm32f7xx_hal_dma_ex.o
LOAD bin/obj/stm32f7xx_hal_dsi.o
LOAD bin/obj/stm32f7xx_hal_eth.o
LOAD bin/obj/stm32f7xx_hal_flash.o
LOAD bin/obj/stm32f7xx_hal_flash_ex.o
LOAD bin/obj/stm32f7xx_hal_gpio.o
LOAD bin/obj/stm32f7xx_hal_hash.o
LOAD bin/obj/stm32f7xx_hal_hash_ex.o
LOAD bin/obj/stm32f7xx_hal_hcd.o
LOAD bin/obj/stm32f7xx_hal_i2c.o
LOAD bin/obj/stm32f7xx_hal_i2c_ex.o
LOAD bin/obj/stm32f7xx_hal_i2s.o
LOAD bin/obj/stm32f7xx_hal_irda.o
LOAD bin/obj/stm32f7xx_hal_iwdg.o
LOAD bin/obj/stm32f7xx_hal_jpeg.o
LOAD bin/obj/stm32f7xx_hal_lptim.o
LOAD bin/obj/stm32f7xx_hal_ltdc.o
LOAD bin/obj/stm32f7xx_hal_ltdc_ex.o
LOAD bin/obj/stm32f7xx_hal_mdios.o
LOAD bin/obj/stm32f7xx_hal_msp_template.o
LOAD bin/obj/stm32f7xx_hal_nand.o
LOAD bin/obj/stm32f7xx_hal_nor.o
LOAD bin/obj/stm32f7xx_hal_pcd.o
LOAD bin/obj/stm32f7xx_hal_pcd_ex.o
LOAD bin/obj/stm32f7xx_hal_pwr.o
LOAD bin/obj/stm32f7xx_hal_pwr_ex.o
LOAD bin/obj/stm32f7xx_hal_qspi.o
LOAD bin/obj/stm32f7xx_hal_rcc.o
LOAD bin/obj/stm32f7xx_hal_rcc_ex.o
LOAD bin/obj/stm32f7xx_hal_rng.o
LOAD bin/obj/stm32f7xx_hal_rtc.o
LOAD bin/obj/stm32f7xx_hal_rtc_ex.o
LOAD bin/obj/stm32f7xx_hal_sai.o
LOAD bin/obj/stm32f7xx_hal_sai_ex.o
LOAD bin/obj/stm32f7xx_hal_sd.o
LOAD bin/obj/stm32f7xx_hal_sdram.o
LOAD bin/obj/stm32f7xx_hal_smartcard.o
LOAD bin/obj/stm32f7xx_hal_smartcard_ex.o
LOAD bin/obj/stm32f7xx_hal_spdifrx.o
LOAD bin/obj/stm32f7xx_hal_spi.o
LOAD bin/obj/stm32f7xx_hal_sram.o
LOAD bin/obj/stm32f7xx_hal_tim.o
LOAD bin/obj/stm32f7xx_hal_timebase_tim_template.o
LOAD bin/obj/stm32f7xx_hal_tim_ex.o
LOAD bin/obj/stm32f7xx_hal_uart.o
LOAD bin/obj/stm32f7xx_hal_usart.o
LOAD bin/obj/stm32f7xx_hal_wwdg.o
LOAD bin/obj/stm32f7xx_ll_fmc.o
LOAD bin/obj/stm32f7xx_ll_sdmmc.o
LOAD bin/obj/stm32f7xx_ll_usb.o
LOAD bin/obj/usbd_core.o
LOAD bin/obj/usbd_ctlreq.o
LOAD bin/obj/usbd_ioreq.o
LOAD bin/obj/startup_stm32f746xx.o
START GROUP
LOAD /usr/bin/../lib/gcc/arm-none-eabi/4.9.3/cortex-m7/softfp/fpv5-sp-d16/libgcc.a
LOAD /usr/bin/../lib/gcc/arm-none-eabi/4.9.3/../../../../arm-none-eabi/lib/cortex-m7/softfp/fpv5-sp-d16/libg.a
LOAD /usr/bin/../lib/gcc/arm-none-eabi/4.9.3/../../../../arm-none-eabi/lib/cortex-m7/softfp/fpv5-sp-d16/libc.a
END GROUP
LOAD /usr/bin/../lib/gcc/arm-none-eabi/4.9.3/cortex-m7/softfp/fpv5-sp-d16/crtend.o
LOAD /usr/bin/../lib/gcc/arm-none-eabi/4.9.3/cortex-m7/softfp/fpv5-sp-d16/crtn.o
                0x000000002004ffff                _estack = 0x2004ffff
                0x0000000000002000                _Min_Heap_Size = 0x2000
                0x0000000000002800                _Min_Stack_Size = 0x2800

.isr_vector     0x0000000008000000      0x1c8
                0x0000000008000000                . = ALIGN (0x4)
 *(.isr_vector)
 .isr_vector    0x0000000008000000      0x1c8 bin/obj/startup_stm32f746xx.o
                0x0000000008000000                g_pfnVectors
                0x00000000080001c8                . = ALIGN (0x4)

.text           0x00000000080001c8     0x5644
                0x00000000080001c8                . = ALIGN (0x4)
 *(.text)
 .text          0x00000000080001c8       0x5c /usr/bin/../lib/gcc/arm-none-eabi/4.9.3/cortex-m7/softfp/fpv5-sp-d16/crtbegin.o
 .text          0x0000000008000224      0x134 /usr/bin/../lib/gcc/arm-none-eabi/4.9.3/../../../../arm-none-eabi/lib/cortex-m7/softfp/fpv5-sp-d16/libg.a(lib_a-memcpy.o)
                0x0000000008000224                memcpy
 *(.text*)
 .text.main_init
                0x0000000008000358       0x38 /tmp/ccaSDDCH.o
                0x0000000008000358                main_init
 .text.msg_process_vcp
                0x0000000008000390       0x8c /tmp/ccaSDDCH.o
                0x0000000008000390                msg_process_vcp
 .text.startup.main
                0x000000000800041c       0x2c /tmp/ccaSDDCH.o
                0x000000000800041c                main
 .text.jump_to_fw.part.1
                0x0000000008000448       0x24 bin/obj/cmd.o
 .text.resp_ack
                0x000000000800046c      0x120 bin/obj/cmd.o
                0x000000000800046c                resp_ack
 .text.cmd_read_version
                0x000000000800058c       0x90 bin/obj/cmd.o
                0x000000000800058c                cmd_read_version
 .text.cmd_read_board_name
                0x000000000800061c       0x7c bin/obj/cmd.o
                0x000000000800061c                cmd_read_board_name
 .text.cmd_read_tag
                0x0000000008000698       0x4c bin/obj/cmd.o
                0x0000000008000698                cmd_read_tag
 .text.cmd_flash_fw_write_packet
                0x00000000080006e4       0x88 bin/obj/cmd.o
                0x00000000080006e4                cmd_flash_fw_write_packet
 .text.cmd_flash_fw_write_begin
                0x000000000800076c       0x58 bin/obj/cmd.o
                0x000000000800076c                cmd_flash_fw_write_begin
 .text.cmd_flash_fw_write_end
                0x00000000080007c4       0x78 bin/obj/cmd.o
                0x00000000080007c4                cmd_flash_fw_write_end
 .text.cmd_flash_fw_write_block
                0x000000000800083c       0x6c bin/obj/cmd.o
                0x000000000800083c                cmd_flash_fw_write_block
 .text.cmd_flash_fw_erase
                0x00000000080008a8       0x68 bin/obj/cmd.o
                0x00000000080008a8                cmd_flash_fw_erase
 .text.cmd_flash_fw_verify
                0x0000000008000910       0x94 bin/obj/cmd.o
                0x0000000008000910                cmd_flash_fw_verify
 .text.cmd_flash_fw_read_packet
                0x00000000080009a4      0x108 bin/obj/cmd.o
                0x00000000080009a4                cmd_flash_fw_read_packet
 .text.cmd_flash_fw_read_block
                0x0000000008000aac       0x64 bin/obj/cmd.o
                0x0000000008000aac                cmd_flash_fw_read_block
 .text.cmd_jump_to_fw
                0x0000000008000b10       0x58 bin/obj/cmd.o
                0x0000000008000b10                cmd_jump_to_fw
 .text.cmd_send_error
                0x0000000008000b68       0x3c bin/obj/cmd.o
                0x0000000008000b68                cmd_send_error
 .text.jump_to_fw
                0x0000000008000ba4       0x14 bin/obj/cmd.o
                0x0000000008000ba4                jump_to_fw
 .text.crc_calc
                0x0000000008000bb8        0x8 bin/obj/crc.o
                0x0000000008000bb8                crc_calc
 .text.bsp_init
                0x0000000008000bc0       0xbc bin/obj/bsp.o
                0x0000000008000bc0                bsp_init
 .text.bsp_deinit
                0x0000000008000c7c       0x80 bin/obj/bsp.o
                0x0000000008000c7c                bsp_deinit
 .text.button_init
                0x0000000008000cfc       0x64 bin/obj/button.o
                0x0000000008000cfc                button_init
 .text.button_read
                0x0000000008000d60       0x40 bin/obj/button.o
                0x0000000008000d60                button_read
 .text.led_init
                0x0000000008000da0       0x4c bin/obj/led.o
                0x0000000008000da0                led_init
 .text.led_on   0x0000000008000dec       0x1c bin/obj/led.o
                0x0000000008000dec                led_on
 .text.led_toggle
                0x0000000008000e08       0x18 bin/obj/led.o
                0x0000000008000e08                led_toggle
 .text.USBD_CDC_DataIn
                0x0000000008000e20       0x14 bin/obj/usbd_cdc.o
 .text.USBD_CDC_EP0_RxReady
                0x0000000008000e34       0x28 bin/obj/usbd_cdc.o
 .text.USBD_CDC_GetFSCfgDesc
                0x0000000008000e5c        0xc bin/obj/usbd_cdc.o
 .text.USBD_CDC_GetHSCfgDesc
                0x0000000008000e68        0xc bin/obj/usbd_cdc.o
 .text.USBD_CDC_GetOtherSpeedCfgDesc
                0x0000000008000e74        0xc bin/obj/usbd_cdc.o
 .text.USBD_CDC_GetDeviceQualifierDescriptor
                0x0000000008000e80        0xc bin/obj/usbd_cdc.o
                0x0000000008000e80                USBD_CDC_GetDeviceQualifierDescriptor
 .text.USBD_CDC_DataOut
                0x0000000008000e8c       0x30 bin/obj/usbd_cdc.o
 .text.USBD_CDC_Setup
                0x0000000008000ebc       0x70 bin/obj/usbd_cdc.o
 .text.USBD_CDC_DeInit
                0x0000000008000f2c       0x3c bin/obj/usbd_cdc.o
 .text.USBD_CDC_Init
                0x0000000008000f68       0x8c bin/obj/usbd_cdc.o
 .text.USBD_CDC_RegisterInterface
                0x0000000008000ff4       0x10 bin/obj/usbd_cdc.o
                0x0000000008000ff4                USBD_CDC_RegisterInterface
 .text.USBD_CDC_SetTxBuffer
                0x0000000008001004       0x10 bin/obj/usbd_cdc.o
                0x0000000008001004                USBD_CDC_SetTxBuffer
 .text.USBD_CDC_SetRxBuffer
                0x0000000008001014        0xc bin/obj/usbd_cdc.o
                0x0000000008001014                USBD_CDC_SetRxBuffer
 .text.USBD_CDC_TransmitPacket
                0x0000000008001020       0x30 bin/obj/usbd_cdc.o
                0x0000000008001020                USBD_CDC_TransmitPacket
 .text.USBD_CDC_ReceivePacket
                0x0000000008001050       0x2c bin/obj/usbd_cdc.o
                0x0000000008001050                USBD_CDC_ReceivePacket
 .text.CDC_Itf_DeInit
                0x000000000800107c        0x4 bin/obj/usbd_cdc_interface.o
 .text.CDC_Itf_Receive
                0x0000000008001080       0x54 bin/obj/usbd_cdc_interface.o
 .text.CDC_Itf_Init
                0x00000000080010d4       0x28 bin/obj/usbd_cdc_interface.o
 .text.CDC_Itf_Control
                0x00000000080010fc       0x84 bin/obj/usbd_cdc_interface.o
 .text.CDC_Itf_Write
                0x0000000008001180       0xb8 bin/obj/usbd_cdc_interface.o
                0x0000000008001180                CDC_Itf_Write
 .text.CDC_Itf_IsAvailable
                0x0000000008001238       0x18 bin/obj/usbd_cdc_interface.o
                0x0000000008001238                CDC_Itf_IsAvailable
 .text.CDC_Itf_Getch
                0x0000000008001250       0x40 bin/obj/usbd_cdc_interface.o
                0x0000000008001250                CDC_Itf_Getch
 .text.HAL_PCD_MspInit
                0x0000000008001290      0x1f0 bin/obj/usbd_conf.o
                0x0000000008001290                HAL_PCD_MspInit
 .text.HAL_PCD_MspDeInit
                0x0000000008001480       0x40 bin/obj/usbd_conf.o
                0x0000000008001480                HAL_PCD_MspDeInit
 .text.HAL_PCD_SetupStageCallback
                0x00000000080014c0       0x10 bin/obj/usbd_conf.o
                0x00000000080014c0                HAL_PCD_SetupStageCallback
 .text.HAL_PCD_DataOutStageCallback
                0x00000000080014d0       0x14 bin/obj/usbd_conf.o
                0x00000000080014d0                HAL_PCD_DataOutStageCallback
 .text.HAL_PCD_DataInStageCallback
                0x00000000080014e4       0x14 bin/obj/usbd_conf.o
                0x00000000080014e4                HAL_PCD_DataInStageCallback
 .text.HAL_PCD_SOFCallback
                0x00000000080014f8        0x8 bin/obj/usbd_conf.o
                0x00000000080014f8                HAL_PCD_SOFCallback
 .text.HAL_PCD_ResetCallback
                0x0000000008001500       0x24 bin/obj/usbd_conf.o
                0x0000000008001500                HAL_PCD_ResetCallback
 .text.HAL_PCD_SuspendCallback
                0x0000000008001524        0x8 bin/obj/usbd_conf.o
                0x0000000008001524                HAL_PCD_SuspendCallback
 .text.HAL_PCD_ResumeCallback
                0x000000000800152c        0x8 bin/obj/usbd_conf.o
                0x000000000800152c                HAL_PCD_ResumeCallback
 .text.HAL_PCD_ISOOUTIncompleteCallback
                0x0000000008001534        0x8 bin/obj/usbd_conf.o
                0x0000000008001534                HAL_PCD_ISOOUTIncompleteCallback
 .text.HAL_PCD_ISOINIncompleteCallback
                0x000000000800153c        0x8 bin/obj/usbd_conf.o
                0x000000000800153c                HAL_PCD_ISOINIncompleteCallback
 .text.HAL_PCD_ConnectCallback
                0x0000000008001544        0x8 bin/obj/usbd_conf.o
                0x0000000008001544                HAL_PCD_ConnectCallback
 .text.HAL_PCD_DisconnectCallback
                0x000000000800154c        0x8 bin/obj/usbd_conf.o
                0x000000000800154c                HAL_PCD_DisconnectCallback
 .text.USBD_LL_Init
                0x0000000008001554       0x5c bin/obj/usbd_conf.o
                0x0000000008001554                USBD_LL_Init
 .text.USBD_LL_DeInit
                0x00000000080015b0       0x10 bin/obj/usbd_conf.o
                0x00000000080015b0                USBD_LL_DeInit
 .text.USBD_LL_Start
                0x00000000080015c0       0x10 bin/obj/usbd_conf.o
                0x00000000080015c0                USBD_LL_Start
 .text.USBD_LL_Stop
                0x00000000080015d0       0x10 bin/obj/usbd_conf.o
                0x00000000080015d0                USBD_LL_Stop
 .text.USBD_LL_OpenEP
                0x00000000080015e0       0x14 bin/obj/usbd_conf.o
                0x00000000080015e0                USBD_LL_OpenEP
 .text.USBD_LL_CloseEP
                0x00000000080015f4       0x10 bin/obj/usbd_conf.o
                0x00000000080015f4                USBD_LL_CloseEP
 .text.USBD_LL_StallEP
                0x0000000008001604       0x10 bin/obj/usbd_conf.o
                0x0000000008001604                USBD_LL_StallEP
 .text.USBD_LL_ClearStallEP
                0x0000000008001614       0x10 bin/obj/usbd_conf.o
                0x0000000008001614                USBD_LL_ClearStallEP
 .text.USBD_LL_IsStallEP
                0x0000000008001624       0x28 bin/obj/usbd_conf.o
                0x0000000008001624                USBD_LL_IsStallEP
 .text.USBD_LL_SetUSBAddress
                0x000000000800164c       0x10 bin/obj/usbd_conf.o
                0x000000000800164c                USBD_LL_SetUSBAddress
 .text.USBD_LL_Transmit
                0x000000000800165c       0x10 bin/obj/usbd_conf.o
                0x000000000800165c                USBD_LL_Transmit
 .text.USBD_LL_PrepareReceive
                0x000000000800166c       0x10 bin/obj/usbd_conf.o
                0x000000000800166c                USBD_LL_PrepareReceive
 .text.USBD_LL_GetRxDataSize
                0x000000000800167c        0xc bin/obj/usbd_conf.o
                0x000000000800167c                USBD_LL_GetRxDataSize
 .text.USBD_VCP_DeviceDescriptor
                0x0000000008001688        0xc bin/obj/usbd_desc.o
                0x0000000008001688                USBD_VCP_DeviceDescriptor
 .text.USBD_VCP_LangIDStrDescriptor
                0x0000000008001694        0xc bin/obj/usbd_desc.o
                0x0000000008001694                USBD_VCP_LangIDStrDescriptor
 .text.IntToUnicode
                0x00000000080016a0       0x38 bin/obj/usbd_desc.o
 .text.USBD_VCP_SerialStrDescriptor
                0x00000000080016d8       0x44 bin/obj/usbd_desc.o
                0x00000000080016d8                USBD_VCP_SerialStrDescriptor
 .text.USBD_VCP_ManufacturerStrDescriptor
                0x000000000800171c       0x1c bin/obj/usbd_desc.o
                0x000000000800171c                USBD_VCP_ManufacturerStrDescriptor
 .text.USBD_VCP_ProductStrDescriptor
                0x0000000008001738       0x2c bin/obj/usbd_desc.o
                0x0000000008001738                USBD_VCP_ProductStrDescriptor
 .text.USBD_VCP_ConfigStrDescriptor
                0x0000000008001764       0x1c bin/obj/usbd_desc.o
                0x0000000008001764                USBD_VCP_ConfigStrDescriptor
 .text.USBD_VCP_InterfaceStrDescriptor
                0x0000000008001780       0x1c bin/obj/usbd_desc.o
                0x0000000008001780                USBD_VCP_InterfaceStrDescriptor
 .text.wdg_get_reset
                0x000000000800179c       0x1c bin/obj/wdg.o
                0x000000000800179c                wdg_get_reset
 .text.NMI_Handler
                0x00000000080017b8        0x4 bin/obj/stm32f7xx_it.o
                0x00000000080017b8                NMI_Handler
 .text.HardFault_Handler
                0x00000000080017bc        0x4 bin/obj/stm32f7xx_it.o
                0x00000000080017bc                HardFault_Handler
 .text.MemManage_Handler
                0x00000000080017c0        0x4 bin/obj/stm32f7xx_it.o
                0x00000000080017c0                MemManage_Handler
 .text.BusFault_Handler
                0x00000000080017c4        0x4 bin/obj/stm32f7xx_it.o
                0x00000000080017c4                BusFault_Handler
 .text.UsageFault_Handler
                0x00000000080017c8        0x4 bin/obj/stm32f7xx_it.o
                0x00000000080017c8                UsageFault_Handler
 .text.SVC_Handler
                0x00000000080017cc        0x4 bin/obj/stm32f7xx_it.o
                0x00000000080017cc                SVC_Handler
 .text.DebugMon_Handler
                0x00000000080017d0        0x4 bin/obj/stm32f7xx_it.o
                0x00000000080017d0                DebugMon_Handler
 .text.PendSV_Handler
                0x00000000080017d4        0x4 bin/obj/stm32f7xx_it.o
                0x00000000080017d4                PendSV_Handler
 .text.SysTick_Handler
                0x00000000080017d8        0x4 bin/obj/stm32f7xx_it.o
                0x00000000080017d8                SysTick_Handler
 .text.OTG_FS_IRQHandler
                0x00000000080017dc        0xc bin/obj/stm32f7xx_it.o
                0x00000000080017dc                OTG_FS_IRQHandler
 .text._sbrk    0x00000000080017e8       0x40 bin/obj/syscalls.o
                0x00000000080017e8                _sbrk
 .text.SystemClock_Config
                0x0000000008001828       0x60 bin/obj/system_clock.o
                0x0000000008001828                SystemClock_Config
 .text.SystemInit
                0x0000000008001888       0x50 bin/obj/system_stm32f7xx.o
                0x0000000008001888                SystemInit
 .text.delay_ms
                0x00000000080018d8       0x38 bin/obj/delay.o
                0x00000000080018d8                delay_ms
 .text.flash_write
                0x0000000008001910       0x68 bin/obj/flash.o
                0x0000000008001910                flash_write
 .text.flash_erase_fw_block
                0x0000000008001978       0x48 bin/obj/flash.o
                0x0000000008001978                flash_erase_fw_block
 .text.hal_init
                0x00000000080019c0        0x4 bin/obj/hal.o
                0x00000000080019c0                hal_init
 .text.msg_send
                0x00000000080019c4       0x38 bin/obj/msg.o
                0x00000000080019c4                msg_send
 .text.msg_recv
                0x00000000080019fc      0x514 bin/obj/msg.o
                0x00000000080019fc                msg_recv
 .text.millis   0x0000000008001f10        0x4 bin/obj/util.o
                0x0000000008001f10                millis
 .text.vcp_is_available
                0x0000000008001f14        0x4 bin/obj/vcp.o
                0x0000000008001f14                vcp_is_available
 .text.vcp_getch
                0x0000000008001f18        0x4 bin/obj/vcp.o
                0x0000000008001f18                vcp_getch
 .text.vcp_write
                0x0000000008001f1c        0xc bin/obj/vcp.o
                0x0000000008001f1c                vcp_write
 .text.HAL_DeInit
                0x0000000008001f28       0x2c bin/obj/stm32f7xx_hal.o
                0x0000000008001f28                HAL_DeInit
 .text.HAL_Init
                0x0000000008001f54       0x24 bin/obj/stm32f7xx_hal.o
                0x0000000008001f54                HAL_Init
 .text.HAL_IncTick
                0x0000000008001f78       0x10 bin/obj/stm32f7xx_hal.o
                0x0000000008001f78                HAL_IncTick
 .text.HAL_GetTick
                0x0000000008001f88        0xc bin/obj/stm32f7xx_hal.o
                0x0000000008001f88                HAL_GetTick
 .text.HAL_Delay
                0x0000000008001f94       0x1c bin/obj/stm32f7xx_hal.o
                0x0000000008001f94                HAL_Delay
 .text.HAL_NVIC_SetPriorityGrouping
                0x0000000008001fb0       0x28 bin/obj/stm32f7xx_hal_cortex.o
                0x0000000008001fb0                HAL_NVIC_SetPriorityGrouping
 .text.HAL_NVIC_SetPriority
                0x0000000008001fd8       0x74 bin/obj/stm32f7xx_hal_cortex.o
                0x0000000008001fd8                HAL_NVIC_SetPriority
 .text.HAL_NVIC_EnableIRQ
                0x000000000800204c       0x18 bin/obj/stm32f7xx_hal_cortex.o
                0x000000000800204c                HAL_NVIC_EnableIRQ
 .text.FLASH_SetErrorCode
                0x0000000008002064       0x64 bin/obj/stm32f7xx_hal_flash.o
 .text.HAL_FLASH_Unlock
                0x00000000080020c8       0x24 bin/obj/stm32f7xx_hal_flash.o
                0x00000000080020c8                HAL_FLASH_Unlock
 .text.HAL_FLASH_Lock
                0x00000000080020ec       0x14 bin/obj/stm32f7xx_hal_flash.o
                0x00000000080020ec                HAL_FLASH_Lock
 .text.FLASH_WaitForLastOperation
                0x0000000008002100       0x48 bin/obj/stm32f7xx_hal_flash.o
                0x0000000008002100                FLASH_WaitForLastOperation
 .text.HAL_FLASH_Program
                0x0000000008002148       0xe4 bin/obj/stm32f7xx_hal_flash.o
                0x0000000008002148                HAL_FLASH_Program
 .text.FLASH_Erase_Sector
                0x000000000800222c       0x60 bin/obj/stm32f7xx_hal_flash_ex.o
                0x000000000800222c                FLASH_Erase_Sector
 .text.HAL_FLASHEx_Erase
                0x000000000800228c       0xc4 bin/obj/stm32f7xx_hal_flash_ex.o
                0x000000000800228c                HAL_FLASHEx_Erase
 .text.HAL_GPIO_Init
                0x0000000008002350      0x254 bin/obj/stm32f7xx_hal_gpio.o
                0x0000000008002350                HAL_GPIO_Init
 .text.HAL_GPIO_ReadPin
                0x00000000080025a4        0xc bin/obj/stm32f7xx_hal_gpio.o
                0x00000000080025a4                HAL_GPIO_ReadPin
 .text.HAL_GPIO_WritePin
                0x00000000080025b0        0x8 bin/obj/stm32f7xx_hal_gpio.o
                0x00000000080025b0                HAL_GPIO_WritePin
 .text.HAL_GPIO_TogglePin
                0x00000000080025b8        0x8 bin/obj/stm32f7xx_hal_gpio.o
                0x00000000080025b8                HAL_GPIO_TogglePin
 .text.HAL_MspInit
                0x00000000080025c0        0x4 bin/obj/stm32f7xx_hal_msp_template.o
                0x00000000080025c0                HAL_MspInit
 .text.HAL_MspDeInit
                0x00000000080025c4        0x4 bin/obj/stm32f7xx_hal_msp_template.o
                0x00000000080025c4                HAL_MspDeInit
 .text.HAL_PCD_Init
                0x00000000080025c8       0xe4 bin/obj/stm32f7xx_hal_pcd.o
                0x00000000080025c8                HAL_PCD_Init
 .text.HAL_PCD_DeInit
                0x00000000080026ac       0x44 bin/obj/stm32f7xx_hal_pcd.o
                0x00000000080026ac                HAL_PCD_DeInit
 .text.HAL_PCD_Start
                0x00000000080026f0       0x2c bin/obj/stm32f7xx_hal_pcd.o
                0x00000000080026f0                HAL_PCD_Start
 .text.HAL_PCD_Stop
                0x000000000800271c       0x30 bin/obj/stm32f7xx_hal_pcd.o
                0x000000000800271c                HAL_PCD_Stop
 .text.HAL_PCD_IRQHandler
                0x000000000800274c      0x6a0 bin/obj/stm32f7xx_hal_pcd.o
                0x000000000800274c                HAL_PCD_IRQHandler
 .text.HAL_PCD_SetAddress
                0x0000000008002dec       0x24 bin/obj/stm32f7xx_hal_pcd.o
                0x0000000008002dec                HAL_PCD_SetAddress
 .text.HAL_PCD_EP_Open
                0x0000000008002e10       0x7c bin/obj/stm32f7xx_hal_pcd.o
                0x0000000008002e10                HAL_PCD_EP_Open
 .text.HAL_PCD_EP_Close
                0x0000000008002e8c       0x50 bin/obj/stm32f7xx_hal_pcd.o
                0x0000000008002e8c                HAL_PCD_EP_Close
 .text.HAL_PCD_EP_Receive
                0x0000000008002edc       0x6c bin/obj/stm32f7xx_hal_pcd.o
                0x0000000008002edc                HAL_PCD_EP_Receive
 .text.HAL_PCD_EP_GetRxCount
                0x0000000008002f48       0x14 bin/obj/stm32f7xx_hal_pcd.o
                0x0000000008002f48                HAL_PCD_EP_GetRxCount
 .text.HAL_PCD_EP_Transmit
                0x0000000008002f5c       0x74 bin/obj/stm32f7xx_hal_pcd.o
                0x0000000008002f5c                HAL_PCD_EP_Transmit
 .text.HAL_PCD_EP_SetStall
                0x0000000008002fd0       0x64 bin/obj/stm32f7xx_hal_pcd.o
                0x0000000008002fd0                HAL_PCD_EP_SetStall
 .text.HAL_PCD_EP_ClrStall
                0x0000000008003034       0x54 bin/obj/stm32f7xx_hal_pcd.o
                0x0000000008003034                HAL_PCD_EP_ClrStall
 .text.HAL_PCDEx_SetTxFiFo
                0x0000000008003088       0x4c bin/obj/stm32f7xx_hal_pcd_ex.o
                0x0000000008003088                HAL_PCDEx_SetTxFiFo
 .text.HAL_PCDEx_SetRxFiFo
                0x00000000080030d4        0x8 bin/obj/stm32f7xx_hal_pcd_ex.o
                0x00000000080030d4                HAL_PCDEx_SetRxFiFo
 .text.HAL_PCDEx_ActivateLPM
                0x00000000080030dc       0x2c bin/obj/stm32f7xx_hal_pcd_ex.o
                0x00000000080030dc                HAL_PCDEx_ActivateLPM
 .text.HAL_PCDEx_LPM_Callback
                0x0000000008003108        0x4 bin/obj/stm32f7xx_hal_pcd_ex.o
                0x0000000008003108                HAL_PCDEx_LPM_Callback
 .text.HAL_PWREx_EnableOverDrive
                0x000000000800310c       0x78 bin/obj/stm32f7xx_hal_pwr_ex.o
                0x000000000800310c                HAL_PWREx_EnableOverDrive
 .text.HAL_RCC_DeInit
                0x0000000008003184       0x60 bin/obj/stm32f7xx_hal_rcc.o
                0x0000000008003184                HAL_RCC_DeInit
 .text.HAL_RCC_OscConfig
                0x00000000080031e4      0x3ac bin/obj/stm32f7xx_hal_rcc.o
                0x00000000080031e4                HAL_RCC_OscConfig
 .text.HAL_RCC_GetSysClockFreq
                0x0000000008003590       0x98 bin/obj/stm32f7xx_hal_rcc.o
                0x0000000008003590                HAL_RCC_GetSysClockFreq
 .text.HAL_RCC_ClockConfig
                0x0000000008003628      0x154 bin/obj/stm32f7xx_hal_rcc.o
                0x0000000008003628                HAL_RCC_ClockConfig
 .text.HAL_RCC_GetHCLKFreq
                0x000000000800377c        0xc bin/obj/stm32f7xx_hal_rcc.o
                0x000000000800377c                HAL_RCC_GetHCLKFreq
 .text.HAL_RCC_GetPCLK1Freq
                0x0000000008003788       0x30 bin/obj/stm32f7xx_hal_rcc.o
                0x0000000008003788                HAL_RCC_GetPCLK1Freq
 .text.HAL_RCC_GetClockConfig
                0x00000000080037b8       0x44 bin/obj/stm32f7xx_hal_rcc.o
                0x00000000080037b8                HAL_RCC_GetClockConfig
 .text.HAL_TIM_Base_MspInit
                0x00000000080037fc        0x4 bin/obj/stm32f7xx_hal_tim.o
                0x00000000080037fc                HAL_TIM_Base_MspInit
 .text.HAL_TIM_Base_Start_IT
                0x0000000008003800       0x18 bin/obj/stm32f7xx_hal_tim.o
                0x0000000008003800                HAL_TIM_Base_Start_IT
 .text.HAL_TIM_OC_DelayElapsedCallback
                0x0000000008003818        0x4 bin/obj/stm32f7xx_hal_tim.o
                0x0000000008003818                HAL_TIM_OC_DelayElapsedCallback
 .text.HAL_TIM_IC_CaptureCallback
                0x000000000800381c        0x4 bin/obj/stm32f7xx_hal_tim.o
                0x000000000800381c                HAL_TIM_IC_CaptureCallback
 .text.HAL_TIM_PWM_PulseFinishedCallback
                0x0000000008003820        0x4 bin/obj/stm32f7xx_hal_tim.o
                0x0000000008003820                HAL_TIM_PWM_PulseFinishedCallback
 .text.HAL_TIM_TriggerCallback
                0x0000000008003824        0x4 bin/obj/stm32f7xx_hal_tim.o
                0x0000000008003824                HAL_TIM_TriggerCallback
 .text.HAL_TIM_IRQHandler
                0x0000000008003828      0x170 bin/obj/stm32f7xx_hal_tim.o
                0x0000000008003828                HAL_TIM_IRQHandler
 .text.TIM_Base_SetConfig
                0x0000000008003998      0x110 bin/obj/stm32f7xx_hal_tim.o
                0x0000000008003998                TIM_Base_SetConfig
 .text.HAL_TIM_Base_Init
                0x0000000008003aa8       0x30 bin/obj/stm32f7xx_hal_tim.o
                0x0000000008003aa8                HAL_TIM_Base_Init
 .text.HAL_InitTick
                0x0000000008003ad8       0x88 bin/obj/stm32f7xx_hal_timebase_tim_template.o
                0x0000000008003ad8                HAL_InitTick
 .text.HAL_TIM_PeriodElapsedCallback
                0x0000000008003b60        0x4 bin/obj/stm32f7xx_hal_timebase_tim_template.o
                0x0000000008003b60                HAL_TIM_PeriodElapsedCallback
 .text.TIM6_DAC_IRQHandler
                0x0000000008003b64        0xc bin/obj/stm32f7xx_hal_timebase_tim_template.o
                0x0000000008003b64                TIM6_DAC_IRQHandler
 .text.HAL_TIMEx_CommutationCallback
                0x0000000008003b70        0x4 bin/obj/stm32f7xx_hal_tim_ex.o
                0x0000000008003b70                HAL_TIMEx_CommutationCallback
 .text.HAL_TIMEx_BreakCallback
                0x0000000008003b74        0x4 bin/obj/stm32f7xx_hal_tim_ex.o
                0x0000000008003b74                HAL_TIMEx_BreakCallback
 .text.USB_CoreReset
                0x0000000008003b78       0x34 bin/obj/stm32f7xx_ll_usb.o
 .text.USB_CoreInit
                0x0000000008003bac       0x7c bin/obj/stm32f7xx_ll_usb.o
                0x0000000008003bac                USB_CoreInit
 .text.USB_EnableGlobalInt
                0x0000000008003c28       0x10 bin/obj/stm32f7xx_ll_usb.o
                0x0000000008003c28                USB_EnableGlobalInt
 .text.USB_DisableGlobalInt
                0x0000000008003c38       0x10 bin/obj/stm32f7xx_ll_usb.o
                0x0000000008003c38                USB_DisableGlobalInt
 .text.USB_SetCurrentMode
                0x0000000008003c48       0x34 bin/obj/stm32f7xx_ll_usb.o
                0x0000000008003c48                USB_SetCurrentMode
 .text.USB_DevInit
                0x0000000008003c7c      0x184 bin/obj/stm32f7xx_ll_usb.o
                0x0000000008003c7c                USB_DevInit
 .text.USB_FlushTxFifo
                0x0000000008003e00       0x24 bin/obj/stm32f7xx_ll_usb.o
                0x0000000008003e00                USB_FlushTxFifo
 .text.USB_GetDevSpeed
                0x0000000008003e24       0x38 bin/obj/stm32f7xx_ll_usb.o
                0x0000000008003e24                USB_GetDevSpeed
 .text.USB_ActivateEndpoint
                0x0000000008003e5c       0x8c bin/obj/stm32f7xx_ll_usb.o
                0x0000000008003e5c                USB_ActivateEndpoint
 .text.USB_DeactivateEndpoint
                0x0000000008003ee8       0x84 bin/obj/stm32f7xx_ll_usb.o
                0x0000000008003ee8                USB_DeactivateEndpoint
 .text.USB_EPStartXfer
                0x0000000008003f6c      0x29c bin/obj/stm32f7xx_ll_usb.o
                0x0000000008003f6c                USB_EPStartXfer
 .text.USB_EP0StartXfer
                0x0000000008004208      0x184 bin/obj/stm32f7xx_ll_usb.o
                0x0000000008004208                USB_EP0StartXfer
 .text.USB_WritePacket
                0x000000000800438c       0x28 bin/obj/stm32f7xx_ll_usb.o
                0x000000000800438c                USB_WritePacket
 .text.USB_ReadPacket
                0x00000000080043b4       0x2c bin/obj/stm32f7xx_ll_usb.o
                0x00000000080043b4                USB_ReadPacket
 .text.USB_EPSetStall
                0x00000000080043e0       0x40 bin/obj/stm32f7xx_ll_usb.o
                0x00000000080043e0                USB_EPSetStall
 .text.USB_EPClearStall
                0x0000000008004420       0x40 bin/obj/stm32f7xx_ll_usb.o
                0x0000000008004420                USB_EPClearStall
 .text.USB_StopDevice
                0x0000000008004460       0x64 bin/obj/stm32f7xx_ll_usb.o
                0x0000000008004460                USB_StopDevice
 .text.USB_SetDevAddress
                0x00000000080044c4       0x24 bin/obj/stm32f7xx_ll_usb.o
                0x00000000080044c4                USB_SetDevAddress
 .text.USB_DevConnect
                0x00000000080044e8       0x18 bin/obj/stm32f7xx_ll_usb.o
                0x00000000080044e8                USB_DevConnect
 .text.USB_DevDisconnect
                0x0000000008004500       0x18 bin/obj/stm32f7xx_ll_usb.o
                0x0000000008004500                USB_DevDisconnect
 .text.USB_ReadInterrupts
                0x0000000008004518        0x8 bin/obj/stm32f7xx_ll_usb.o
                0x0000000008004518                USB_ReadInterrupts
 .text.USB_ReadDevAllOutEpInterrupt
                0x0000000008004520       0x10 bin/obj/stm32f7xx_ll_usb.o
                0x0000000008004520                USB_ReadDevAllOutEpInterrupt
 .text.USB_ReadDevAllInEpInterrupt
                0x0000000008004530       0x10 bin/obj/stm32f7xx_ll_usb.o
                0x0000000008004530                USB_ReadDevAllInEpInterrupt
 .text.USB_ReadDevOutEPInterrupt
                0x0000000008004540       0x14 bin/obj/stm32f7xx_ll_usb.o
                0x0000000008004540                USB_ReadDevOutEPInterrupt
 .text.USB_ReadDevInEPInterrupt
                0x0000000008004554       0x24 bin/obj/stm32f7xx_ll_usb.o
                0x0000000008004554                USB_ReadDevInEPInterrupt
 .text.USB_GetMode
                0x0000000008004578        0x8 bin/obj/stm32f7xx_ll_usb.o
                0x0000000008004578                USB_GetMode
 .text.USB_ActivateSetup
                0x0000000008004580       0x38 bin/obj/stm32f7xx_ll_usb.o
                0x0000000008004580                USB_ActivateSetup
 .text.USB_EP0_OutStart
                0x00000000080045b8       0x44 bin/obj/stm32f7xx_ll_usb.o
                0x00000000080045b8                USB_EP0_OutStart
 .text.USBD_Init
                0x00000000080045fc       0x30 bin/obj/usbd_core.o
                0x00000000080045fc                USBD_Init
 .text.USBD_DeInit
                0x000000000800462c       0x24 bin/obj/usbd_core.o
                0x000000000800462c                USBD_DeInit
 .text.USBD_RegisterClass
                0x0000000008004650       0x10 bin/obj/usbd_core.o
                0x0000000008004650                USBD_RegisterClass
 .text.USBD_Start
                0x0000000008004660        0xc bin/obj/usbd_core.o
                0x0000000008004660                USBD_Start
 .text.USBD_SetClassConfig
                0x000000000800466c       0x14 bin/obj/usbd_core.o
                0x000000000800466c                USBD_SetClassConfig
 .text.USBD_ClrClassConfig
                0x0000000008004680       0x10 bin/obj/usbd_core.o
                0x0000000008004680                USBD_ClrClassConfig
 .text.USBD_LL_SetupStage
                0x0000000008004690       0x60 bin/obj/usbd_core.o
                0x0000000008004690                USBD_LL_SetupStage
 .text.USBD_LL_DataOutStage
                0x00000000080046f0       0x68 bin/obj/usbd_core.o
                0x00000000080046f0                USBD_LL_DataOutStage
 .text.USBD_LL_DataInStage
                0x0000000008004758       0xa0 bin/obj/usbd_core.o
                0x0000000008004758                USBD_LL_DataInStage
 .text.USBD_LL_Reset
                0x00000000080047f8       0x40 bin/obj/usbd_core.o
                0x00000000080047f8                USBD_LL_Reset
 .text.USBD_LL_SetSpeed
                0x0000000008004838        0x8 bin/obj/usbd_core.o
                0x0000000008004838                USBD_LL_SetSpeed
 .text.USBD_LL_Suspend
                0x0000000008004840       0x14 bin/obj/usbd_core.o
                0x0000000008004840                USBD_LL_Suspend
 .text.USBD_LL_Resume
                0x0000000008004854       0x10 bin/obj/usbd_core.o
                0x0000000008004854                USBD_LL_Resume
 .text.USBD_LL_SOF
                0x0000000008004864       0x20 bin/obj/usbd_core.o
                0x0000000008004864                USBD_LL_SOF
 .text.USBD_LL_IsoINIncomplete
                0x0000000008004884        0x4 bin/obj/usbd_core.o
                0x0000000008004884                USBD_LL_IsoINIncomplete
 .text.USBD_LL_IsoOUTIncomplete
                0x0000000008004888        0x4 bin/obj/usbd_core.o
                0x0000000008004888                USBD_LL_IsoOUTIncomplete
 .text.USBD_LL_DevConnected
                0x000000000800488c        0x4 bin/obj/usbd_core.o
                0x000000000800488c                USBD_LL_DevConnected
 .text.USBD_LL_DevDisconnected
                0x0000000008004890       0x18 bin/obj/usbd_core.o
                0x0000000008004890                USBD_LL_DevDisconnected
 .text.USBD_StdDevReq
                0x00000000080048a8      0x2b0 bin/obj/usbd_ctlreq.o
                0x00000000080048a8                USBD_StdDevReq
 .text.USBD_StdItfReq
                0x0000000008004b58       0x3c bin/obj/usbd_ctlreq.o
                0x0000000008004b58                USBD_StdItfReq
 .text.USBD_StdEPReq
                0x0000000008004b94       0xd4 bin/obj/usbd_ctlreq.o
                0x0000000008004b94                USBD_StdEPReq
 .text.USBD_ParseSetupRequest
                0x0000000008004c68       0x28 bin/obj/usbd_ctlreq.o
                0x0000000008004c68                USBD_ParseSetupRequest
 .text.USBD_GetString
                0x0000000008004c90       0x4c bin/obj/usbd_ctlreq.o
                0x0000000008004c90                USBD_GetString
 .text.USBD_CtlSendData
                0x0000000008004cdc       0x1c bin/obj/usbd_ioreq.o
                0x0000000008004cdc                USBD_CtlSendData
 .text.USBD_CtlContinueSendData
                0x0000000008004cf8       0x14 bin/obj/usbd_ioreq.o
                0x0000000008004cf8                USBD_CtlContinueSendData
 .text.USBD_CtlPrepareRx
                0x0000000008004d0c       0x20 bin/obj/usbd_ioreq.o
                0x0000000008004d0c                USBD_CtlPrepareRx
 .text.USBD_CtlContinueRx
                0x0000000008004d2c       0x14 bin/obj/usbd_ioreq.o
                0x0000000008004d2c                USBD_CtlContinueRx
 .text.USBD_CtlSendStatus
                0x0000000008004d40       0x18 bin/obj/usbd_ioreq.o
                0x0000000008004d40                USBD_CtlSendStatus
 .text.USBD_CtlReceiveStatus
                0x0000000008004d58       0x18 bin/obj/usbd_ioreq.o
                0x0000000008004d58                USBD_CtlReceiveStatus
 .text.Reset_Handler
                0x0000000008004d70       0x50 bin/obj/startup_stm32f746xx.o
                0x0000000008004d70                Reset_Handler
 .text.Default_Handler
                0x0000000008004dc0        0x2 bin/obj/startup_stm32f746xx.o
                0x0000000008004dc0                RTC_Alarm_IRQHandler
                0x0000000008004dc0                EXTI2_IRQHandler
                0x0000000008004dc0                TIM8_CC_IRQHandler
                0x0000000008004dc0                UART8_IRQHandler
                0x0000000008004dc0                SPI4_IRQHandler
                0x0000000008004dc0                TIM1_CC_IRQHandler
                0x0000000008004dc0                DMA2_Stream5_IRQHandler
                0x0000000008004dc0                DMA1_Stream5_IRQHandler
                0x0000000008004dc0                PVD_IRQHandler
                0x0000000008004dc0                TAMP_STAMP_IRQHandler
                0x0000000008004dc0                CAN2_RX1_IRQHandler
                0x0000000008004dc0                EXTI3_IRQHandler
                0x0000000008004dc0                TIM8_TRG_COM_TIM14_IRQHandler
                0x0000000008004dc0                TIM1_UP_TIM10_IRQHandler
                0x0000000008004dc0                TIM8_UP_TIM13_IRQHandler
                0x0000000008004dc0                I2C3_ER_IRQHandler
                0x0000000008004dc0                EXTI0_IRQHandler
                0x0000000008004dc0                I2C2_EV_IRQHandler
                0x0000000008004dc0                DMA1_Stream2_IRQHandler
                0x0000000008004dc0                CAN1_RX0_IRQHandler
                0x0000000008004dc0                FPU_IRQHandler
                0x0000000008004dc0                OTG_HS_WKUP_IRQHandler
                0x0000000008004dc0                LTDC_ER_IRQHandler
                0x0000000008004dc0                CAN2_SCE_IRQHandler
                0x0000000008004dc0                DMA2_Stream2_IRQHandler
                0x0000000008004dc0                SPI1_IRQHandler
                0x0000000008004dc0                TIM1_BRK_TIM9_IRQHandler
                0x0000000008004dc0                DCMI_IRQHandler
                0x0000000008004dc0                CAN2_RX0_IRQHandler
                0x0000000008004dc0                DMA2_Stream3_IRQHandler
                0x0000000008004dc0                SAI2_IRQHandler
                0x0000000008004dc0                USART6_IRQHandler
                0x0000000008004dc0                USART3_IRQHandler
                0x0000000008004dc0                CAN1_RX1_IRQHandler
                0x0000000008004dc0                UART5_IRQHandler
                0x0000000008004dc0                DMA2_Stream0_IRQHandler
                0x0000000008004dc0                TIM4_IRQHandler
                0x0000000008004dc0                QUADSPI_IRQHandler
                0x0000000008004dc0                I2C1_EV_IRQHandler
                0x0000000008004dc0                DMA1_Stream6_IRQHandler
                0x0000000008004dc0                DMA1_Stream1_IRQHandler
                0x0000000008004dc0                UART4_IRQHandler
                0x0000000008004dc0                TIM3_IRQHandler
                0x0000000008004dc0                RCC_IRQHandler
                0x0000000008004dc0                TIM8_BRK_TIM12_IRQHandler
                0x0000000008004dc0                Default_Handler
                0x0000000008004dc0                CEC_IRQHandler
                0x0000000008004dc0                EXTI15_10_IRQHandler
                0x0000000008004dc0                ADC_IRQHandler
                0x0000000008004dc0                DMA1_Stream7_IRQHandler
                0x0000000008004dc0                SPI5_IRQHandler
                0x0000000008004dc0                TIM7_IRQHandler
                0x0000000008004dc0                SDMMC1_IRQHandler
                0x0000000008004dc0                CAN2_TX_IRQHandler
                0x0000000008004dc0                TIM5_IRQHandler
                0x0000000008004dc0                DMA2_Stream7_IRQHandler
                0x0000000008004dc0                I2C3_EV_IRQHandler
                0x0000000008004dc0                EXTI9_5_IRQHandler
                0x0000000008004dc0                RTC_WKUP_IRQHandler
                0x0000000008004dc0                LTDC_IRQHandler
                0x0000000008004dc0                ETH_WKUP_IRQHandler
                0x0000000008004dc0                SPDIF_RX_IRQHandler
                0x0000000008004dc0                SPI2_IRQHandler
                0x0000000008004dc0                OTG_HS_EP1_IN_IRQHandler
                0x0000000008004dc0                DMA1_Stream0_IRQHandler
                0x0000000008004dc0                CAN1_TX_IRQHandler
                0x0000000008004dc0                EXTI4_IRQHandler
                0x0000000008004dc0                RNG_IRQHandler
                0x0000000008004dc0                ETH_IRQHandler
                0x0000000008004dc0                OTG_HS_EP1_OUT_IRQHandler
                0x0000000008004dc0                WWDG_IRQHandler
                0x0000000008004dc0                SPI6_IRQHandler
                0x0000000008004dc0                I2C4_EV_IRQHandler
                0x0000000008004dc0                TIM2_IRQHandler
                0x0000000008004dc0                OTG_FS_WKUP_IRQHandler
                0x0000000008004dc0                TIM1_TRG_COM_TIM11_IRQHandler
                0x0000000008004dc0                OTG_HS_IRQHandler
                0x0000000008004dc0                DMA2D_IRQHandler
                0x0000000008004dc0                EXTI1_IRQHandler
                0x0000000008004dc0                UART7_IRQHandler
                0x0000000008004dc0                USART2_IRQHandler
                0x0000000008004dc0                I2C2_ER_IRQHandler
                0x0000000008004dc0                DMA2_Stream1_IRQHandler
                0x0000000008004dc0                CAN1_SCE_IRQHandler
                0x0000000008004dc0                FLASH_IRQHandler
                0x0000000008004dc0                DMA2_Stream4_IRQHandler
                0x0000000008004dc0                USART1_IRQHandler
                0x0000000008004dc0                SPI3_IRQHandler
                0x0000000008004dc0                DMA1_Stream4_IRQHandler
                0x0000000008004dc0                I2C1_ER_IRQHandler
                0x0000000008004dc0                FMC_IRQHandler
                0x0000000008004dc0                LPTIM1_IRQHandler
                0x0000000008004dc0                I2C4_ER_IRQHandler
                0x0000000008004dc0                DMA2_Stream6_IRQHandler
                0x0000000008004dc0                SAI1_IRQHandler
                0x0000000008004dc0                DMA1_Stream3_IRQHandler
 *fill*         0x0000000008004dc2        0x2 
 .text.__libc_init_array
                0x0000000008004dc4       0x50 /usr/bin/../lib/gcc/arm-none-eabi/4.9.3/../../../../arm-none-eabi/lib/cortex-m7/softfp/fpv5-sp-d16/libg.a(lib_a-init.o)
                0x0000000008004dc4                __libc_init_array
 .text.malloc   0x0000000008004e14       0x10 /usr/bin/../lib/gcc/arm-none-eabi/4.9.3/../../../../arm-none-eabi/lib/cortex-m7/softfp/fpv5-sp-d16/libg.a(lib_a-malloc.o)
                0x0000000008004e14                malloc
 .text.free     0x0000000008004e24       0x10 /usr/bin/../lib/gcc/arm-none-eabi/4.9.3/../../../../arm-none-eabi/lib/cortex-m7/softfp/fpv5-sp-d16/libg.a(lib_a-malloc.o)
                0x0000000008004e24                free
 .text._malloc_r
                0x0000000008004e34      0x558 /usr/bin/../lib/gcc/arm-none-eabi/4.9.3/../../../../arm-none-eabi/lib/cortex-m7/softfp/fpv5-sp-d16/libg.a(lib_a-mallocr.o)
                0x0000000008004e34                _malloc_r
 .text.memset   0x000000000800538c       0xa0 /usr/bin/../lib/gcc/arm-none-eabi/4.9.3/../../../../arm-none-eabi/lib/cortex-m7/softfp/fpv5-sp-d16/libg.a(lib_a-memset.o)
                0x000000000800538c                memset
 .text.__malloc_lock
                0x000000000800542c        0x4 /usr/bin/../lib/gcc/arm-none-eabi/4.9.3/../../../../arm-none-eabi/lib/cortex-m7/softfp/fpv5-sp-d16/libg.a(lib_a-mlock.o)
                0x000000000800542c                __malloc_lock
 .text.__malloc_unlock
                0x0000000008005430        0x4 /usr/bin/../lib/gcc/arm-none-eabi/4.9.3/../../../../arm-none-eabi/lib/cortex-m7/softfp/fpv5-sp-d16/libg.a(lib_a-mlock.o)
                0x0000000008005430                __malloc_unlock
 .text._sbrk_r  0x0000000008005434       0x24 /usr/bin/../lib/gcc/arm-none-eabi/4.9.3/../../../../arm-none-eabi/lib/cortex-m7/softfp/fpv5-sp-d16/libg.a(lib_a-sbrkr.o)
                0x0000000008005434                _sbrk_r
 .text.strlen   0x0000000008005458       0x5c /usr/bin/../lib/gcc/arm-none-eabi/4.9.3/../../../../arm-none-eabi/lib/cortex-m7/softfp/fpv5-sp-d16/libg.a(lib_a-strlen.o)
                0x0000000008005458                strlen
 .text.startup.register_fini
                0x00000000080054b4       0x14 /usr/bin/../lib/gcc/arm-none-eabi/4.9.3/../../../../arm-none-eabi/lib/cortex-m7/softfp/fpv5-sp-d16/libg.a(lib_a-__call_atexit.o)
 .text.atexit   0x00000000080054c8        0xc /usr/bin/../lib/gcc/arm-none-eabi/4.9.3/../../../../arm-none-eabi/lib/cortex-m7/softfp/fpv5-sp-d16/libg.a(lib_a-atexit.o)
                0x00000000080054c8                atexit
 .text.__libc_fini_array
                0x00000000080054d4       0x2c /usr/bin/../lib/gcc/arm-none-eabi/4.9.3/../../../../arm-none-eabi/lib/cortex-m7/softfp/fpv5-sp-d16/libg.a(lib_a-fini.o)
                0x00000000080054d4                __libc_fini_array
 .text._malloc_trim_r
                0x0000000008005500       0x9c /usr/bin/../lib/gcc/arm-none-eabi/4.9.3/../../../../arm-none-eabi/lib/cortex-m7/softfp/fpv5-sp-d16/libg.a(lib_a-freer.o)
                0x0000000008005500                _malloc_trim_r
 .text._free_r  0x000000000800559c      0x1b0 /usr/bin/../lib/gcc/arm-none-eabi/4.9.3/../../../../arm-none-eabi/lib/cortex-m7/softfp/fpv5-sp-d16/libg.a(lib_a-freer.o)
                0x000000000800559c                _free_r
 .text.__register_exitproc
                0x000000000800574c       0xa8 /usr/bin/../lib/gcc/arm-none-eabi/4.9.3/../../../../arm-none-eabi/lib/cortex-m7/softfp/fpv5-sp-d16/libg.a(lib_a-__atexit.o)
                0x000000000800574c                __register_exitproc
 *(.glue_7)
 .glue_7        0x0000000000000000        0x0 linker stubs
 *(.glue_7t)
 .glue_7t       0x0000000000000000        0x0 linker stubs
 *(.eh_frame)
 .eh_frame      0x00000000080057f4        0x0 /usr/bin/../lib/gcc/arm-none-eabi/4.9.3/cortex-m7/softfp/fpv5-sp-d16/crtbegin.o
 *(.init)
 .init          0x00000000080057f4        0x4 /usr/bin/../lib/gcc/arm-none-eabi/4.9.3/cortex-m7/softfp/fpv5-sp-d16/crti.o
                0x00000000080057f4                _init
 .init          0x00000000080057f8        0x8 /usr/bin/../lib/gcc/arm-none-eabi/4.9.3/cortex-m7/softfp/fpv5-sp-d16/crtn.o
 *(.fini)
 .fini          0x0000000008005800        0x4 /usr/bin/../lib/gcc/arm-none-eabi/4.9.3/cortex-m7/softfp/fpv5-sp-d16/crti.o
                0x0000000008005800                _fini
 .fini          0x0000000008005804        0x8 /usr/bin/../lib/gcc/arm-none-eabi/4.9.3/cortex-m7/softfp/fpv5-sp-d16/crtn.o
                0x000000000800580c                . = ALIGN (0x4)
                0x000000000800580c                _etext = .

.vfp11_veneer   0x000000000800580c        0x0
 .vfp11_veneer  0x0000000000000000        0x0 linker stubs

.v4_bx          0x000000000800580c        0x0
 .v4_bx         0x0000000000000000        0x0 linker stubs

.iplt           0x000000000800580c        0x0
 .iplt          0x0000000000000000        0x0 /usr/bin/../lib/gcc/arm-none-eabi/4.9.3/cortex-m7/softfp/fpv5-sp-d16/crtbegin.o

.rodata         0x000000000800580c      0x198
                0x000000000800580c                . = ALIGN (0x4)
 *(.rodata)
 *(.rodata*)
 .rodata.str1.4
                0x000000000800580c        0xc bin/obj/cmd.o
 .rodata.str1.4
                0x0000000008005818       0x6a bin/obj/usbd_desc.o
 *fill*         0x0000000008005882        0x2 
 .rodata.AHBPrescTable
                0x0000000008005884       0x10 bin/obj/system_stm32f7xx.o
                0x0000000008005884                AHBPrescTable
 .rodata.APBPrescTable
                0x0000000008005894        0x8 bin/obj/system_stm32f7xx.o
                0x0000000008005894                APBPrescTable
 .rodata.mavlink_message_crcs.10139
                0x000000000800589c      0x100 bin/obj/msg.o
 .rodata.str1.4
                0x000000000800599c        0x4 /usr/bin/../lib/gcc/arm-none-eabi/4.9.3/../../../../arm-none-eabi/lib/cortex-m7/softfp/fpv5-sp-d16/libg.a(lib_a-impure.o)
                                          0x2 (size before relaxing)
 .rodata._global_impure_ptr
                0x00000000080059a0        0x4 /usr/bin/../lib/gcc/arm-none-eabi/4.9.3/../../../../arm-none-eabi/lib/cortex-m7/softfp/fpv5-sp-d16/libg.a(lib_a-impure.o)
                0x00000000080059a0                _global_impure_ptr
                0x00000000080059a4                . = ALIGN (0x4)

.rel.dyn        0x00000000080059a4        0x0
 .rel.iplt      0x0000000000000000        0x0 /usr/bin/../lib/gcc/arm-none-eabi/4.9.3/cortex-m7/softfp/fpv5-sp-d16/crtbegin.o

.ARM.extab
 *(.ARM.extab* .gnu.linkonce.armextab.*)

.ARM            0x00000000080059a4        0x0
                0x00000000080059a4                __exidx_start = .
 *(.ARM.exidx*)
                0x00000000080059a4                __exidx_end = .

.preinit_array  0x00000000080059a4        0x0
                0x00000000080059a4                PROVIDE (__preinit_array_start, .)
 *(.preinit_array*)
                0x00000000080059a4                PROVIDE (__preinit_array_end, .)

.init_array     0x00000000080059a4        0x8
                0x00000000080059a4                PROVIDE (__init_array_start, .)
 *(SORT(.init_array.*))
 .init_array.00000
                0x00000000080059a4        0x4 /usr/bin/../lib/gcc/arm-none-eabi/4.9.3/../../../../arm-none-eabi/lib/cortex-m7/softfp/fpv5-sp-d16/libg.a(lib_a-__call_atexit.o)
 *(.init_array*)
 .init_array    0x00000000080059a8        0x4 /usr/bin/../lib/gcc/arm-none-eabi/4.9.3/cortex-m7/softfp/fpv5-sp-d16/crtbegin.o
                0x00000000080059ac                PROVIDE (__init_array_end, .)

.fini_array     0x00000000080059ac        0x4
                0x00000000080059ac                PROVIDE (__fini_array_start, .)
 *(SORT(.fini_array.*))
 *(.fini_array*)
 .fini_array    0x00000000080059ac        0x4 /usr/bin/../lib/gcc/arm-none-eabi/4.9.3/cortex-m7/softfp/fpv5-sp-d16/crtbegin.o
                0x00000000080059b0                PROVIDE (__fini_array_end, .)
                0x00000000080059b0                _sidata = LOADADDR (.data)

.data           0x00000000200114f0      0x9cc load address 0x00000000080059b0
                0x00000000200114f0                . = ALIGN (0x4)
                0x00000000200114f0                _sdata = .
 *(.data)
 *(.data*)
 .data.board_name
                0x00000000200114f0        0x4 bin/obj/cmd.o
                0x00000000200114f0                board_name
 .data.boot_version
                0x00000000200114f4        0x4 bin/obj/cmd.o
                0x00000000200114f4                boot_version
 .data.pLedGpio
                0x00000000200114f8        0x4 bin/obj/led.o
                0x00000000200114f8                pLedGpio
 .data.LedGpioPin
                0x00000000200114fc        0x2 bin/obj/led.o
                0x00000000200114fc                LedGpioPin
 *fill*         0x00000000200114fe        0x2 
 .data.USBD_CDC_CfgFSDesc
                0x0000000020011500       0x43 bin/obj/usbd_cdc.o
                0x0000000020011500                USBD_CDC_CfgFSDesc
 *fill*         0x0000000020011543        0x1 
 .data.USBD_CDC
                0x0000000020011544       0x38 bin/obj/usbd_cdc.o
                0x0000000020011544                USBD_CDC
 .data.USBD_CDC_DeviceQualifierDesc
                0x000000002001157c        0xa bin/obj/usbd_cdc.o
 *fill*         0x0000000020011586        0x2 
 .data.USBD_CDC_OtherSpeedCfgDesc
                0x0000000020011588       0x43 bin/obj/usbd_cdc.o
                0x0000000020011588                USBD_CDC_OtherSpeedCfgDesc
 *fill*         0x00000000200115cb        0x1 
 .data.USBD_CDC_CfgHSDesc
                0x00000000200115cc       0x43 bin/obj/usbd_cdc.o
                0x00000000200115cc                USBD_CDC_CfgHSDesc
 *fill*         0x000000002001160f        0x1 
 .data.LineCoding
                0x0000000020011610        0x8 bin/obj/usbd_cdc_interface.o
                0x0000000020011610                LineCoding
 .data.USBD_CDC_fops
                0x0000000020011618       0x10 bin/obj/usbd_cdc_interface.o
                0x0000000020011618                USBD_CDC_fops
 .data.VCP_Desc
                0x0000000020011628       0x1c bin/obj/usbd_desc.o
                0x0000000020011628                VCP_Desc
 .data.USBD_LangIDDesc
                0x0000000020011644        0x4 bin/obj/usbd_desc.o
                0x0000000020011644                USBD_LangIDDesc
 .data.USBD_DeviceDesc
                0x0000000020011648       0x12 bin/obj/usbd_desc.o
                0x0000000020011648                USBD_DeviceDesc
 *fill*         0x000000002001165a        0x2 
 .data.USBD_StringSerial
                0x000000002001165c       0x1a bin/obj/usbd_desc.o
                0x000000002001165c                USBD_StringSerial
 *fill*         0x0000000020011676        0x2 
 .data.SystemCoreClock
                0x0000000020011678        0x4 bin/obj/system_stm32f7xx.o
                0x0000000020011678                SystemCoreClock
 *fill*         0x000000002001167c        0x4 
 .data.impure_data
                0x0000000020011680      0x428 /usr/bin/../lib/gcc/arm-none-eabi/4.9.3/../../../../arm-none-eabi/lib/cortex-m7/softfp/fpv5-sp-d16/libg.a(lib_a-impure.o)
 .data._impure_ptr
                0x0000000020011aa8        0x4 /usr/bin/../lib/gcc/arm-none-eabi/4.9.3/../../../../arm-none-eabi/lib/cortex-m7/softfp/fpv5-sp-d16/libg.a(lib_a-impure.o)
                0x0000000020011aa8                _impure_ptr
 .data.__malloc_av_
                0x0000000020011aac      0x408 /usr/bin/../lib/gcc/arm-none-eabi/4.9.3/../../../../arm-none-eabi/lib/cortex-m7/softfp/fpv5-sp-d16/libg.a(lib_a-mallocr.o)
                0x0000000020011aac                __malloc_av_
 .data.__malloc_trim_threshold
                0x0000000020011eb4        0x4 /usr/bin/../lib/gcc/arm-none-eabi/4.9.3/../../../../arm-none-eabi/lib/cortex-m7/softfp/fpv5-sp-d16/libg.a(lib_a-mallocr.o)
                0x0000000020011eb4                __malloc_trim_threshold
 .data.__malloc_sbrk_base
                0x0000000020011eb8        0x4 /usr/bin/../lib/gcc/arm-none-eabi/4.9.3/../../../../arm-none-eabi/lib/cortex-m7/softfp/fpv5-sp-d16/libg.a(lib_a-mallocr.o)
                0x0000000020011eb8                __malloc_sbrk_base
                0x0000000020011ebc                . = ALIGN (0x4)
                0x0000000020011ebc                _edata = .

.jcr            0x0000000020011ebc        0x0 load address 0x000000000800637c
 .jcr           0x0000000020011ebc        0x0 /usr/bin/../lib/gcc/arm-none-eabi/4.9.3/cortex-m7/softfp/fpv5-sp-d16/crtbegin.o

.igot.plt       0x0000000020011ebc        0x0 load address 0x000000000800637c
 .igot.plt      0x0000000000000000        0x0 /usr/bin/../lib/gcc/arm-none-eabi/4.9.3/cortex-m7/softfp/fpv5-sp-d16/crtbegin.o
                0x0000000020011ebc                . = ALIGN (0x4)

.bss            0x0000000020011ebc     0x9574 load address 0x000000000800637c
                0x0000000020011ebc                _sbss = .
                0x0000000020011ebc                __bss_start__ = _sbss
 *(.bss)
 .bss           0x0000000020011ebc       0x1c /usr/bin/../lib/gcc/arm-none-eabi/4.9.3/cortex-m7/softfp/fpv5-sp-d16/crtbegin.o
 *(.bss*)
 .bss.m_mavlink_status.10087
                0x0000000020011ed8       0x30 bin/obj/cmd.o
 .bss.boot_revision
                0x0000000020011f08        0x4 bin/obj/cmd.o
                0x0000000020011f08                boot_revision
 .bss.ifalt.9371
                0x0000000020011f0c        0x1 bin/obj/usbd_cdc.o
 .bss.is_opened
                0x0000000020011f0d        0x1 bin/obj/usbd_cdc_interface.o
 *fill*         0x0000000020011f0e        0x2 
 .bss.rxd_BufPtrIn
                0x0000000020011f10        0x4 bin/obj/usbd_cdc_interface.o
                0x0000000020011f10                rxd_BufPtrIn
 .bss.rxd_BufPtrOut
                0x0000000020011f14        0x4 bin/obj/usbd_cdc_interface.o
                0x0000000020011f14                rxd_BufPtrOut
 .bss.is_reopen
                0x0000000020011f18        0x1 bin/obj/usbd_cdc_interface.o
 *fill*         0x0000000020011f19        0x3 
 .bss.heap_end.5815
                0x0000000020011f1c        0x4 bin/obj/syscalls.o
 .bss.m_mavlink_buffer.10091
                0x0000000020011f20      0x440 bin/obj/msg.o
 .bss.m_mavlink_status.10087
                0x0000000020012360       0x30 bin/obj/msg.o
 .bss.msg.11070
                0x0000000020012390      0x110 bin/obj/msg.o
 .bss.cfgidx.9376
                0x00000000200124a0        0x1 bin/obj/usbd_ctlreq.o
 *fill*         0x00000000200124a1        0x3 
 .bss.__malloc_max_total_mem
                0x00000000200124a4        0x4 /usr/bin/../lib/gcc/arm-none-eabi/4.9.3/../../../../arm-none-eabi/lib/cortex-m7/softfp/fpv5-sp-d16/libg.a(lib_a-mallocr.o)
                0x00000000200124a4                __malloc_max_total_mem
 .bss.__malloc_max_sbrked_mem
                0x00000000200124a8        0x4 /usr/bin/../lib/gcc/arm-none-eabi/4.9.3/../../../../arm-none-eabi/lib/cortex-m7/softfp/fpv5-sp-d16/libg.a(lib_a-mallocr.o)
                0x00000000200124a8                __malloc_max_sbrked_mem
 .bss.__malloc_top_pad
                0x00000000200124ac        0x4 /usr/bin/../lib/gcc/arm-none-eabi/4.9.3/../../../../arm-none-eabi/lib/cortex-m7/softfp/fpv5-sp-d16/libg.a(lib_a-mallocr.o)
                0x00000000200124ac                __malloc_top_pad
 .bss.__malloc_current_mallinfo
                0x00000000200124b0       0x28 /usr/bin/../lib/gcc/arm-none-eabi/4.9.3/../../../../arm-none-eabi/lib/cortex-m7/softfp/fpv5-sp-d16/libg.a(lib_a-mallocr.o)
                0x00000000200124b0                __malloc_current_mallinfo
 *(COMMON)
 COMMON         0x00000000200124d8     0x4010 bin/obj/cmd.o
                0x00000000200124d8                flash_block
 COMMON         0x00000000200164e8      0x224 bin/obj/bsp.o
                0x00000000200164e8                USBD_Device
 COMMON         0x000000002001670c     0x4804 bin/obj/usbd_cdc_interface.o
                0x000000002001670c                rxd_buffer
                0x000000002001a70c                BuffLength
                0x000000002001a710                UserTxBuffer
                0x000000002001ab10                UserRxBuffer
 COMMON         0x000000002001af10      0x3c0 bin/obj/usbd_conf.o
                0x000000002001af10                hpcd
 COMMON         0x000000002001b2d0      0x100 bin/obj/usbd_desc.o
                0x000000002001b2d0                USBD_StrDesc
 COMMON         0x000000002001b3d0        0x4 bin/obj/stm32f7xx_hal.o
                0x000000002001b3d0                uwTick
 COMMON         0x000000002001b3d4       0x1c bin/obj/stm32f7xx_hal_flash.o
                0x000000002001b3d4                pFlash
 COMMON         0x000000002001b3f0       0x3c bin/obj/stm32f7xx_hal_timebase_tim_template.o
                0x000000002001b3f0                TimHandle
 COMMON         0x000000002001b42c        0x4 /usr/bin/../lib/gcc/arm-none-eabi/4.9.3/../../../../arm-none-eabi/lib/cortex-m7/softfp/fpv5-sp-d16/libg.a(lib_a-reent.o)
                0x000000002001b42c                errno
                0x000000002001b430                . = ALIGN (0x4)
                0x000000002001b430                _ebss = .
                0x000000002001b430                __bss_end__ = _ebss

._user_heap_stack
                0x000000002001b430     0x4800 load address 0x000000000800637c
                0x000000002001b430                . = ALIGN (0x4)
                0x000000002001b430                PROVIDE (end, .)
                0x000000002001b430                PROVIDE (_end, .)
                0x000000002001d430                . = (. + _Min_Heap_Size)
 *fill*         0x000000002001b430     0x2000 
                0x000000002001fc30                . = (. + _Min_Stack_Size)
 *fill*         0x000000002001d430     0x2800 
                0x000000002001fc30                . = ALIGN (0x4)

/DISCARD/
 libc.a(*)
 libm.a(*)
 libgcc.a(*)

.ARM.attributes
                0x0000000000000000       0x33
 *(.ARM.attributes)
 .ARM.attributes
                0x0000000000000000       0x27 /usr/bin/../lib/gcc/arm-none-eabi/4.9.3/cortex-m7/softfp/fpv5-sp-d16/crti.o
 .ARM.attributes
                0x0000000000000027       0x37 /usr/bin/../lib/gcc/arm-none-eabi/4.9.3/cortex-m7/softfp/fpv5-sp-d16/crtbegin.o
 .ARM.attributes
                0x000000000000005e       0x37 /tmp/ccaSDDCH.o
 .ARM.attributes
                0x0000000000000095       0x37 bin/obj/cmd.o
 .ARM.attributes
                0x00000000000000cc       0x37 bin/obj/crc.o
 .ARM.attributes
                0x0000000000000103       0x37 bin/obj/bsp.o
 .ARM.attributes
                0x000000000000013a       0x37 bin/obj/button.o
 .ARM.attributes
                0x0000000000000171       0x37 bin/obj/led.o
 .ARM.attributes
                0x00000000000001a8       0x37 bin/obj/usbd_cdc.o
 .ARM.attributes
                0x00000000000001df       0x37 bin/obj/usbd_cdc_interface.o
 .ARM.attributes
                0x0000000000000216       0x37 bin/obj/usbd_conf.o
 .ARM.attributes
                0x000000000000024d       0x37 bin/obj/usbd_desc.o
 .ARM.attributes
                0x0000000000000284       0x37 bin/obj/wdg.o
 .ARM.attributes
                0x00000000000002bb       0x37 bin/obj/stm32f7xx_it.o
 .ARM.attributes
                0x00000000000002f2       0x37 bin/obj/syscalls.o
 .ARM.attributes
                0x0000000000000329       0x37 bin/obj/system_clock.o
 .ARM.attributes
                0x0000000000000360       0x37 bin/obj/system_stm32f7xx.o
 .ARM.attributes
                0x0000000000000397       0x37 bin/obj/delay.o
 .ARM.attributes
                0x00000000000003ce       0x37 bin/obj/flash.o
 .ARM.attributes
                0x0000000000000405       0x37 bin/obj/hal.o
 .ARM.attributes
                0x000000000000043c       0x37 bin/obj/msg.o
 .ARM.attributes
                0x0000000000000473       0x37 bin/obj/util.o
 .ARM.attributes
                0x00000000000004aa       0x37 bin/obj/vcp.o
 .ARM.attributes
                0x00000000000004e1       0x37 bin/obj/stm32f7xx_hal.o
 .ARM.attributes
                0x0000000000000518       0x37 bin/obj/stm32f7xx_hal_cortex.o
 .ARM.attributes
                0x000000000000054f       0x37 bin/obj/stm32f7xx_hal_flash.o
 .ARM.attributes
                0x0000000000000586       0x37 bin/obj/stm32f7xx_hal_flash_ex.o
 .ARM.attributes
                0x00000000000005bd       0x37 bin/obj/stm32f7xx_hal_gpio.o
 .ARM.attributes
                0x00000000000005f4       0x37 bin/obj/stm32f7xx_hal_msp_template.o
 .ARM.attributes
                0x000000000000062b       0x37 bin/obj/stm32f7xx_hal_pcd.o
 .ARM.attributes
                0x0000000000000662       0x37 bin/obj/stm32f7xx_hal_pcd_ex.o
 .ARM.attributes
                0x0000000000000699       0x37 bin/obj/stm32f7xx_hal_pwr_ex.o
 .ARM.attributes
                0x00000000000006d0       0x37 bin/obj/stm32f7xx_hal_rcc.o
 .ARM.attributes
                0x0000000000000707       0x37 bin/obj/stm32f7xx_hal_tim.o
 .ARM.attributes
                0x000000000000073e       0x37 bin/obj/stm32f7xx_hal_timebase_tim_template.o
 .ARM.attributes
                0x0000000000000775       0x37 bin/obj/stm32f7xx_hal_tim_ex.o
 .ARM.attributes
                0x00000000000007ac       0x37 bin/obj/stm32f7xx_ll_usb.o
 .ARM.attributes
                0x00000000000007e3       0x37 bin/obj/usbd_core.o
 .ARM.attributes
                0x000000000000081a       0x37 bin/obj/usbd_ctlreq.o
 .ARM.attributes
                0x0000000000000851       0x37 bin/obj/usbd_ioreq.o
 .ARM.attributes
                0x0000000000000888       0x21 bin/obj/startup_stm32f746xx.o
 .ARM.attributes
                0x00000000000008a9       0x37 /usr/bin/../lib/gcc/arm-none-eabi/4.9.3/../../../../arm-none-eabi/lib/cortex-m7/softfp/fpv5-sp-d16/libg.a(lib_a-impure.o)
 .ARM.attributes
                0x00000000000008e0       0x37 /usr/bin/../lib/gcc/arm-none-eabi/4.9.3/../../../../arm-none-eabi/lib/cortex-m7/softfp/fpv5-sp-d16/libg.a(lib_a-init.o)
 .ARM.attributes
                0x0000000000000917       0x37 /usr/bin/../lib/gcc/arm-none-eabi/4.9.3/../../../../arm-none-eabi/lib/cortex-m7/softfp/fpv5-sp-d16/libg.a(lib_a-malloc.o)
 .ARM.attributes
                0x000000000000094e       0x37 /usr/bin/../lib/gcc/arm-none-eabi/4.9.3/../../../../arm-none-eabi/lib/cortex-m7/softfp/fpv5-sp-d16/libg.a(lib_a-mallocr.o)
 .ARM.attributes
                0x0000000000000985       0x25 /usr/bin/../lib/gcc/arm-none-eabi/4.9.3/../../../../arm-none-eabi/lib/cortex-m7/softfp/fpv5-sp-d16/libg.a(lib_a-memcpy.o)
 .ARM.attributes
                0x00000000000009aa       0x37 /usr/bin/../lib/gcc/arm-none-eabi/4.9.3/../../../../arm-none-eabi/lib/cortex-m7/softfp/fpv5-sp-d16/libg.a(lib_a-memset.o)
 .ARM.attributes
                0x00000000000009e1       0x37 /usr/bin/../lib/gcc/arm-none-eabi/4.9.3/../../../../arm-none-eabi/lib/cortex-m7/softfp/fpv5-sp-d16/libg.a(lib_a-mlock.o)
 .ARM.attributes
                0x0000000000000a18       0x37 /usr/bin/../lib/gcc/arm-none-eabi/4.9.3/../../../../arm-none-eabi/lib/cortex-m7/softfp/fpv5-sp-d16/libg.a(lib_a-reent.o)
 .ARM.attributes
                0x0000000000000a4f       0x37 /usr/bin/../lib/gcc/arm-none-eabi/4.9.3/../../../../arm-none-eabi/lib/cortex-m7/softfp/fpv5-sp-d16/libg.a(lib_a-sbrkr.o)
 .ARM.attributes
                0x0000000000000a86       0x37 /usr/bin/../lib/gcc/arm-none-eabi/4.9.3/../../../../arm-none-eabi/lib/cortex-m7/softfp/fpv5-sp-d16/libg.a(lib_a-strlen.o)
 .ARM.attributes
                0x0000000000000abd       0x37 /usr/bin/../lib/gcc/arm-none-eabi/4.9.3/../../../../arm-none-eabi/lib/cortex-m7/softfp/fpv5-sp-d16/libg.a(lib_a-__call_atexit.o)
 .ARM.attributes
                0x0000000000000af4       0x37 /usr/bin/../lib/gcc/arm-none-eabi/4.9.3/../../../../arm-none-eabi/lib/cortex-m7/softfp/fpv5-sp-d16/libg.a(lib_a-atexit.o)
 .ARM.attributes
                0x0000000000000b2b       0x37 /usr/bin/../lib/gcc/arm-none-eabi/4.9.3/../../../../arm-none-eabi/lib/cortex-m7/softfp/fpv5-sp-d16/libg.a(lib_a-fini.o)
 .ARM.attributes
                0x0000000000000b62       0x37 /usr/bin/../lib/gcc/arm-none-eabi/4.9.3/../../../../arm-none-eabi/lib/cortex-m7/softfp/fpv5-sp-d16/libg.a(lib_a-freer.o)
 .ARM.attributes
                0x0000000000000b99       0x37 /usr/bin/../lib/gcc/arm-none-eabi/4.9.3/../../../../arm-none-eabi/lib/cortex-m7/softfp/fpv5-sp-d16/libg.a(lib_a-__atexit.o)
 .ARM.attributes
                0x0000000000000bd0       0x27 /usr/bin/../lib/gcc/arm-none-eabi/4.9.3/cortex-m7/softfp/fpv5-sp-d16/crtn.o

.RxDecripSection
 *(.RxDecripSection)

.TxDescripSection
 *(.TxDescripSection)

.RxBUF
 *(.RxBUF)

.TxBUF
 *(.TxBUF)

.ExtQSPIFlashSection
 *(.ExtQSPIFlashSection)

.RamData1
 *(.RamData1)

.RamData2
 *(.RamData2)
OUTPUT(bin/opencr_boot.elf elf32-littlearm)

.debug_info     0x0000000000000000    0x1aff5
 .debug_info    0x0000000000000000      0x51c /tmp/ccaSDDCH.o
 .debug_info    0x000000000000051c     0x1ea7 bin/obj/cmd.o
 .debug_info    0x00000000000023c3      0x118 bin/obj/crc.o
 .debug_info    0x00000000000024db      0xd07 bin/obj/bsp.o
 .debug_info    0x00000000000031e2      0x4f0 bin/obj/button.o
 .debug_info    0x00000000000036d2      0x559 bin/obj/led.o
 .debug_info    0x0000000000003c2b      0xd86 bin/obj/usbd_cdc.o
 .debug_info    0x00000000000049b1      0xa68 bin/obj/usbd_cdc_interface.o
 .debug_info    0x0000000000005419     0x1b99 bin/obj/usbd_conf.o
 .debug_info    0x0000000000006fb2      0x5e1 bin/obj/usbd_desc.o
 .debug_info    0x0000000000007593      0x45b bin/obj/wdg.o
 .debug_info    0x00000000000079ee      0x67d bin/obj/stm32f7xx_it.o
 .debug_info    0x000000000000806b      0x74c bin/obj/syscalls.o
 .debug_info    0x00000000000087b7      0x2b6 bin/obj/system_clock.o
 .debug_info    0x0000000000008a6d      0x6bd bin/obj/system_stm32f7xx.o
 .debug_info    0x000000000000912a      0x1b2 bin/obj/delay.o
 .debug_info    0x00000000000092dc      0x4c4 bin/obj/flash.o
 .debug_info    0x00000000000097a0       0xc7 bin/obj/hal.o
 .debug_info    0x0000000000009867      0xf70 bin/obj/msg.o
 .debug_info    0x000000000000a7d7       0xfa bin/obj/util.o
 .debug_info    0x000000000000a8d1      0x358 bin/obj/vcp.o
 .debug_info    0x000000000000ac29      0x99a bin/obj/stm32f7xx_hal.o
 .debug_info    0x000000000000b5c3     0x10b2 bin/obj/stm32f7xx_hal_cortex.o
 .debug_info    0x000000000000c675      0x785 bin/obj/stm32f7xx_hal_flash.o
 .debug_info    0x000000000000cdfa      0x9f3 bin/obj/stm32f7xx_hal_flash_ex.o
 .debug_info    0x000000000000d7ed      0x733 bin/obj/stm32f7xx_hal_gpio.o
 .debug_info    0x000000000000df20       0xe5 bin/obj/stm32f7xx_hal_msp_template.o
 .debug_info    0x000000000000e005     0x1772 bin/obj/stm32f7xx_hal_pcd.o
 .debug_info    0x000000000000f777      0x6e6 bin/obj/stm32f7xx_hal_pcd_ex.o
 .debug_info    0x000000000000fe5d      0x9a9 bin/obj/stm32f7xx_hal_pwr_ex.o
 .debug_info    0x0000000000010806      0xd53 bin/obj/stm32f7xx_hal_rcc.o
 .debug_info    0x0000000000011559     0x393b bin/obj/stm32f7xx_hal_tim.o
 .debug_info    0x0000000000014e94      0xcbd bin/obj/stm32f7xx_hal_timebase_tim_template.o
 .debug_info    0x0000000000015b51     0x196d bin/obj/stm32f7xx_hal_tim_ex.o
 .debug_info    0x00000000000174be     0x183e bin/obj/stm32f7xx_ll_usb.o
 .debug_info    0x0000000000018cfc      0xcea bin/obj/usbd_core.o
 .debug_info    0x00000000000199e6      0xdfc bin/obj/usbd_ctlreq.o
 .debug_info    0x000000000001a7e2      0x799 bin/obj/usbd_ioreq.o
 .debug_info    0x000000000001af7b       0x7a bin/obj/startup_stm32f746xx.o

.debug_abbrev   0x0000000000000000     0x4fe5
 .debug_abbrev  0x0000000000000000      0x1f2 /tmp/ccaSDDCH.o
 .debug_abbrev  0x00000000000001f2      0x472 bin/obj/cmd.o
 .debug_abbrev  0x0000000000000664       0x89 bin/obj/crc.o
 .debug_abbrev  0x00000000000006ed      0x288 bin/obj/bsp.o
 .debug_abbrev  0x0000000000000975      0x191 bin/obj/button.o
 .debug_abbrev  0x0000000000000b06      0x1af bin/obj/led.o
 .debug_abbrev  0x0000000000000cb5      0x26f bin/obj/usbd_cdc.o
 .debug_abbrev  0x0000000000000f24      0x348 bin/obj/usbd_cdc_interface.o
 .debug_abbrev  0x000000000000126c      0x2d6 bin/obj/usbd_conf.o
 .debug_abbrev  0x0000000000001542      0x210 bin/obj/usbd_desc.o
 .debug_abbrev  0x0000000000001752      0x17c bin/obj/wdg.o
 .debug_abbrev  0x00000000000018ce      0x191 bin/obj/stm32f7xx_it.o
 .debug_abbrev  0x0000000000001a5f      0x20d bin/obj/syscalls.o
 .debug_abbrev  0x0000000000001c6c      0x12f bin/obj/system_clock.o
 .debug_abbrev  0x0000000000001d9b      0x11d bin/obj/system_stm32f7xx.o
 .debug_abbrev  0x0000000000001eb8       0xea bin/obj/delay.o
 .debug_abbrev  0x0000000000001fa2      0x16b bin/obj/flash.o
 .debug_abbrev  0x000000000000210d       0x65 bin/obj/hal.o
 .debug_abbrev  0x0000000000002172      0x2f2 bin/obj/msg.o
 .debug_abbrev  0x0000000000002464       0x8a bin/obj/util.o
 .debug_abbrev  0x00000000000024ee      0x1fd bin/obj/vcp.o
 .debug_abbrev  0x00000000000026eb      0x1f4 bin/obj/stm32f7xx_hal.o
 .debug_abbrev  0x00000000000028df      0x2dd bin/obj/stm32f7xx_hal_cortex.o
 .debug_abbrev  0x0000000000002bbc      0x2c3 bin/obj/stm32f7xx_hal_flash.o
 .debug_abbrev  0x0000000000002e7f      0x2db bin/obj/stm32f7xx_hal_flash_ex.o
 .debug_abbrev  0x000000000000315a      0x1c6 bin/obj/stm32f7xx_hal_gpio.o
 .debug_abbrev  0x0000000000003320       0x67 bin/obj/stm32f7xx_hal_msp_template.o
 .debug_abbrev  0x0000000000003387      0x35a bin/obj/stm32f7xx_hal_pcd.o
 .debug_abbrev  0x00000000000036e1      0x1a5 bin/obj/stm32f7xx_hal_pcd_ex.o
 .debug_abbrev  0x0000000000003886      0x1de bin/obj/stm32f7xx_hal_pwr_ex.o
 .debug_abbrev  0x0000000000003a64      0x318 bin/obj/stm32f7xx_hal_rcc.o
 .debug_abbrev  0x0000000000003d7c      0x325 bin/obj/stm32f7xx_hal_tim.o
 .debug_abbrev  0x00000000000040a1      0x244 bin/obj/stm32f7xx_hal_timebase_tim_template.o
 .debug_abbrev  0x00000000000042e5      0x2c9 bin/obj/stm32f7xx_hal_tim_ex.o
 .debug_abbrev  0x00000000000045ae      0x333 bin/obj/stm32f7xx_ll_usb.o
 .debug_abbrev  0x00000000000048e1      0x26d bin/obj/usbd_core.o
 .debug_abbrev  0x0000000000004b4e      0x31b bin/obj/usbd_ctlreq.o
 .debug_abbrev  0x0000000000004e69      0x16a bin/obj/usbd_ioreq.o
 .debug_abbrev  0x0000000000004fd3       0x12 bin/obj/startup_stm32f746xx.o

.debug_loc      0x0000000000000000    0x10654
 .debug_loc     0x0000000000000000       0x65 /tmp/ccaSDDCH.o
 .debug_loc     0x0000000000000065     0x1283 bin/obj/cmd.o
 .debug_loc     0x00000000000012e8       0x13 bin/obj/crc.o
 .debug_loc     0x00000000000012fb       0xa6 bin/obj/bsp.o
 .debug_loc     0x00000000000013a1       0x53 bin/obj/button.o
 .debug_loc     0x00000000000013f4       0x83 bin/obj/led.o
 .debug_loc     0x0000000000001477      0x4c2 bin/obj/usbd_cdc.o
 .debug_loc     0x0000000000001939      0x2c0 bin/obj/usbd_cdc_interface.o
 .debug_loc     0x0000000000001bf9      0x6d4 bin/obj/usbd_conf.o
 .debug_loc     0x00000000000022cd      0x315 bin/obj/usbd_desc.o
 .debug_loc     0x00000000000025e2       0x30 bin/obj/wdg.o
 .debug_loc     0x0000000000002612      0x360 bin/obj/syscalls.o
 .debug_loc     0x0000000000002972       0x35 bin/obj/system_clock.o
 .debug_loc     0x00000000000029a7      0x167 bin/obj/system_stm32f7xx.o
 .debug_loc     0x0000000000002b0e       0x3f bin/obj/delay.o
 .debug_loc     0x0000000000002b4d      0x375 bin/obj/flash.o
 .debug_loc     0x0000000000002ec2     0x10ca bin/obj/msg.o
 .debug_loc     0x0000000000003f8c       0xa7 bin/obj/vcp.o
 .debug_loc     0x0000000000004033       0x6a bin/obj/stm32f7xx_hal.o
 .debug_loc     0x000000000000409d      0x4c9 bin/obj/stm32f7xx_hal_cortex.o
 .debug_loc     0x0000000000004566      0x373 bin/obj/stm32f7xx_hal_flash.o
 .debug_loc     0x00000000000048d9      0x5e4 bin/obj/stm32f7xx_hal_flash_ex.o
 .debug_loc     0x0000000000004ebd      0x509 bin/obj/stm32f7xx_hal_gpio.o
 .debug_loc     0x00000000000053c6     0x1248 bin/obj/stm32f7xx_hal_pcd.o
 .debug_loc     0x000000000000660e      0x14a bin/obj/stm32f7xx_hal_pcd_ex.o
 .debug_loc     0x0000000000006758      0x257 bin/obj/stm32f7xx_hal_pwr_ex.o
 .debug_loc     0x00000000000069af      0x6a0 bin/obj/stm32f7xx_hal_rcc.o
 .debug_loc     0x000000000000704f     0x4a9e bin/obj/stm32f7xx_hal_tim.o
 .debug_loc     0x000000000000baed       0xd1 bin/obj/stm32f7xx_hal_timebase_tim_template.o
 .debug_loc     0x000000000000bbbe     0x1aaa bin/obj/stm32f7xx_hal_tim_ex.o
 .debug_loc     0x000000000000d668     0x1b8f bin/obj/stm32f7xx_ll_usb.o
 .debug_loc     0x000000000000f1f7      0x76e bin/obj/usbd_core.o
 .debug_loc     0x000000000000f965      0xacf bin/obj/usbd_ctlreq.o
 .debug_loc     0x0000000000010434      0x220 bin/obj/usbd_ioreq.o

.debug_aranges  0x0000000000000000     0x1380
 .debug_aranges
                0x0000000000000000       0x30 /tmp/ccaSDDCH.o
 .debug_aranges
                0x0000000000000030       0xa8 bin/obj/cmd.o
 .debug_aranges
                0x00000000000000d8       0x20 bin/obj/crc.o
 .debug_aranges
                0x00000000000000f8       0x28 bin/obj/bsp.o
 .debug_aranges
                0x0000000000000120       0x28 bin/obj/button.o
 .debug_aranges
                0x0000000000000148       0x38 bin/obj/led.o
 .debug_aranges
                0x0000000000000180       0x90 bin/obj/usbd_cdc.o
 .debug_aranges
                0x0000000000000210       0x50 bin/obj/usbd_cdc_interface.o
 .debug_aranges
                0x0000000000000260       0xf8 bin/obj/usbd_conf.o
 .debug_aranges
                0x0000000000000358       0x58 bin/obj/usbd_desc.o
 .debug_aranges
                0x00000000000003b0       0x38 bin/obj/wdg.o
 .debug_aranges
                0x00000000000003e8       0x80 bin/obj/stm32f7xx_it.o
 .debug_aranges
                0x0000000000000468       0xb8 bin/obj/syscalls.o
 .debug_aranges
                0x0000000000000520       0x20 bin/obj/system_clock.o
 .debug_aranges
                0x0000000000000540       0x28 bin/obj/system_stm32f7xx.o
 .debug_aranges
                0x0000000000000568       0x30 bin/obj/delay.o
 .debug_aranges
                0x0000000000000598       0x48 bin/obj/flash.o
 .debug_aranges
                0x00000000000005e0       0x20 bin/obj/hal.o
 .debug_aranges
                0x0000000000000600       0x30 bin/obj/msg.o
 .debug_aranges
                0x0000000000000630       0x20 bin/obj/util.o
 .debug_aranges
                0x0000000000000650       0x48 bin/obj/vcp.o
 .debug_aranges
                0x0000000000000698       0xd0 bin/obj/stm32f7xx_hal.o
 .debug_aranges
                0x0000000000000768       0x98 bin/obj/stm32f7xx_hal_cortex.o
 .debug_aranges
                0x0000000000000800       0x80 bin/obj/stm32f7xx_hal_flash.o
 .debug_aranges
                0x0000000000000880       0x40 bin/obj/stm32f7xx_hal_flash_ex.o
 .debug_aranges
                0x00000000000008c0       0x58 bin/obj/stm32f7xx_hal_gpio.o
 .debug_aranges
                0x0000000000000918       0x38 bin/obj/stm32f7xx_hal_msp_template.o
 .debug_aranges
                0x0000000000000950      0x118 bin/obj/stm32f7xx_hal_pcd.o
 .debug_aranges
                0x0000000000000a68       0x40 bin/obj/stm32f7xx_hal_pcd_ex.o
 .debug_aranges
                0x0000000000000aa8       0x80 bin/obj/stm32f7xx_hal_pwr_ex.o
 .debug_aranges
                0x0000000000000b28       0x88 bin/obj/stm32f7xx_hal_rcc.o
 .debug_aranges
                0x0000000000000bb0      0x330 bin/obj/stm32f7xx_hal_tim.o
 .debug_aranges
                0x0000000000000ee0       0x40 bin/obj/stm32f7xx_hal_timebase_tim_template.o
 .debug_aranges
                0x0000000000000f20      0x168 bin/obj/stm32f7xx_hal_tim_ex.o
 .debug_aranges
                0x0000000000001088      0x180 bin/obj/stm32f7xx_ll_usb.o
 .debug_aranges
                0x0000000000001208       0xb8 bin/obj/usbd_core.o
 .debug_aranges
                0x00000000000012c0       0x48 bin/obj/usbd_ctlreq.o
 .debug_aranges
                0x0000000000001308       0x50 bin/obj/usbd_ioreq.o
 .debug_aranges
                0x0000000000001358       0x28 bin/obj/startup_stm32f746xx.o

.debug_ranges   0x0000000000000000     0x2610
 .debug_ranges  0x0000000000000000       0x20 /tmp/ccaSDDCH.o
 .debug_ranges  0x0000000000000020      0x418 bin/obj/cmd.o
 .debug_ranges  0x0000000000000438       0x10 bin/obj/crc.o
 .debug_ranges  0x0000000000000448       0x30 bin/obj/bsp.o
 .debug_ranges  0x0000000000000478       0x68 bin/obj/button.o
 .debug_ranges  0x00000000000004e0       0x60 bin/obj/led.o
 .debug_ranges  0x0000000000000540       0x80 bin/obj/usbd_cdc.o
 .debug_ranges  0x00000000000005c0       0x58 bin/obj/usbd_cdc_interface.o
 .debug_ranges  0x0000000000000618      0x198 bin/obj/usbd_conf.o
 .debug_ranges  0x00000000000007b0       0x98 bin/obj/usbd_desc.o
 .debug_ranges  0x0000000000000848       0x28 bin/obj/wdg.o
 .debug_ranges  0x0000000000000870       0x70 bin/obj/stm32f7xx_it.o
 .debug_ranges  0x00000000000008e0       0xa8 bin/obj/syscalls.o
 .debug_ranges  0x0000000000000988       0x10 bin/obj/system_clock.o
 .debug_ranges  0x0000000000000998       0x18 bin/obj/system_stm32f7xx.o
 .debug_ranges  0x00000000000009b0       0x38 bin/obj/delay.o
 .debug_ranges  0x00000000000009e8       0x38 bin/obj/flash.o
 .debug_ranges  0x0000000000000a20       0x10 bin/obj/hal.o
 .debug_ranges  0x0000000000000a30      0x3c0 bin/obj/msg.o
 .debug_ranges  0x0000000000000df0       0x10 bin/obj/util.o
 .debug_ranges  0x0000000000000e00       0x38 bin/obj/vcp.o
 .debug_ranges  0x0000000000000e38       0xc0 bin/obj/stm32f7xx_hal.o
 .debug_ranges  0x0000000000000ef8      0x158 bin/obj/stm32f7xx_hal_cortex.o
 .debug_ranges  0x0000000000001050       0xd0 bin/obj/stm32f7xx_hal_flash.o
 .debug_ranges  0x0000000000001120      0x158 bin/obj/stm32f7xx_hal_flash_ex.o
 .debug_ranges  0x0000000000001278       0x80 bin/obj/stm32f7xx_hal_gpio.o
 .debug_ranges  0x00000000000012f8       0x28 bin/obj/stm32f7xx_hal_msp_template.o
 .debug_ranges  0x0000000000001320      0x150 bin/obj/stm32f7xx_hal_pcd.o
 .debug_ranges  0x0000000000001470       0x30 bin/obj/stm32f7xx_hal_pcd_ex.o
 .debug_ranges  0x00000000000014a0      0x130 bin/obj/stm32f7xx_hal_pwr_ex.o
 .debug_ranges  0x00000000000015d0      0x230 bin/obj/stm32f7xx_hal_rcc.o
 .debug_ranges  0x0000000000001800      0x758 bin/obj/stm32f7xx_hal_tim.o
 .debug_ranges  0x0000000000001f58       0x48 bin/obj/stm32f7xx_hal_timebase_tim_template.o
 .debug_ranges  0x0000000000001fa0      0x2f0 bin/obj/stm32f7xx_hal_tim_ex.o
 .debug_ranges  0x0000000000002290      0x190 bin/obj/stm32f7xx_ll_usb.o
 .debug_ranges  0x0000000000002420       0xa8 bin/obj/usbd_core.o
 .debug_ranges  0x00000000000024c8       0xe8 bin/obj/usbd_ctlreq.o
 .debug_ranges  0x00000000000025b0       0x40 bin/obj/usbd_ioreq.o
 .debug_ranges  0x00000000000025f0       0x20 bin/obj/startup_stm32f746xx.o

.debug_line     0x0000000000000000     0x9340
 .debug_line    0x0000000000000000      0x1ef /tmp/ccaSDDCH.o
 .debug_line    0x00000000000001ef      0x8fb bin/obj/cmd.o
 .debug_line    0x0000000000000aea       0xc6 bin/obj/crc.o
 .debug_line    0x0000000000000bb0      0x2b5 bin/obj/bsp.o
 .debug_line    0x0000000000000e65      0x174 bin/obj/button.o
 .debug_line    0x0000000000000fd9      0x185 bin/obj/led.o
 .debug_line    0x000000000000115e      0x329 bin/obj/usbd_cdc.o
 .debug_line    0x0000000000001487      0x266 bin/obj/usbd_cdc_interface.o
 .debug_line    0x00000000000016ed      0x4bd bin/obj/usbd_conf.o
 .debug_line    0x0000000000001baa      0x1f4 bin/obj/usbd_desc.o
 .debug_line    0x0000000000001d9e      0x19d bin/obj/wdg.o
 .debug_line    0x0000000000001f3b      0x241 bin/obj/stm32f7xx_it.o
 .debug_line    0x000000000000217c      0x284 bin/obj/syscalls.o
 .debug_line    0x0000000000002400      0x196 bin/obj/system_clock.o
 .debug_line    0x0000000000002596      0x13f bin/obj/system_stm32f7xx.o
 .debug_line    0x00000000000026d5      0x121 bin/obj/delay.o
 .debug_line    0x00000000000027f6      0x207 bin/obj/flash.o
 .debug_line    0x00000000000029fd       0xcb bin/obj/hal.o
 .debug_line    0x0000000000002ac8      0x52a bin/obj/msg.o
 .debug_line    0x0000000000002ff2      0x104 bin/obj/util.o
 .debug_line    0x00000000000030f6      0x1cf bin/obj/vcp.o
 .debug_line    0x00000000000032c5      0x31d bin/obj/stm32f7xx_hal.o
 .debug_line    0x00000000000035e2      0x39a bin/obj/stm32f7xx_hal_cortex.o
 .debug_line    0x000000000000397c      0x435 bin/obj/stm32f7xx_hal_flash.o
 .debug_line    0x0000000000003db1      0x3be bin/obj/stm32f7xx_hal_flash_ex.o
 .debug_line    0x000000000000416f      0x364 bin/obj/stm32f7xx_hal_gpio.o
 .debug_line    0x00000000000044d3      0x12c bin/obj/stm32f7xx_hal_msp_template.o
 .debug_line    0x00000000000045ff      0x83a bin/obj/stm32f7xx_hal_pcd.o
 .debug_line    0x0000000000004e39      0x256 bin/obj/stm32f7xx_hal_pcd_ex.o
 .debug_line    0x000000000000508f      0x32a bin/obj/stm32f7xx_hal_pwr_ex.o
 .debug_line    0x00000000000053b9      0x650 bin/obj/stm32f7xx_hal_rcc.o
 .debug_line    0x0000000000005a09     0x199d bin/obj/stm32f7xx_hal_tim.o
 .debug_line    0x00000000000073a6      0x24d bin/obj/stm32f7xx_hal_timebase_tim_template.o
 .debug_line    0x00000000000075f3      0xbe1 bin/obj/stm32f7xx_hal_tim_ex.o
 .debug_line    0x00000000000081d4      0x8d7 bin/obj/stm32f7xx_ll_usb.o
 .debug_line    0x0000000000008aab      0x374 bin/obj/usbd_core.o
 .debug_line    0x0000000000008e1f      0x2d4 bin/obj/usbd_ctlreq.o
 .debug_line    0x00000000000090f3      0x1c3 bin/obj/usbd_ioreq.o
 .debug_line    0x00000000000092b6       0x8a bin/obj/startup_stm32f746xx.o

.debug_str      0x0000000000000000     0x618a
 .debug_str     0x0000000000000000      0x384 /tmp/ccaSDDCH.o
                                        0x403 (size before relaxing)
 .debug_str     0x0000000000000384      0x8a4 bin/obj/cmd.o
                                        0xe53 (size before relaxing)
 .debug_str     0x0000000000000c28       0x19 bin/obj/crc.o
                                        0x1fb (size before relaxing)
 .debug_str     0x0000000000000c41      0x4d6 bin/obj/bsp.o
                                        0x8c2 (size before relaxing)
 .debug_str     0x0000000000001117      0x1b7 bin/obj/button.o
                                        0x3fe (size before relaxing)
 .debug_str     0x00000000000012ce       0x59 bin/obj/led.o
                                        0x426 (size before relaxing)
 .debug_str     0x0000000000001327      0x2a3 bin/obj/usbd_cdc.o
                                        0x8b4 (size before relaxing)
 .debug_str     0x00000000000015ca      0x1e0 bin/obj/usbd_cdc_interface.o
                                        0x837 (size before relaxing)
 .debug_str     0x00000000000017aa      0xd29 bin/obj/usbd_conf.o
                                       0x1534 (size before relaxing)
 .debug_str     0x00000000000024d3      0x183 bin/obj/usbd_desc.o
                                        0x480 (size before relaxing)
 .debug_str     0x0000000000002656       0x9e bin/obj/wdg.o
                                        0x3f4 (size before relaxing)
 .debug_str     0x00000000000026f4      0x121 bin/obj/stm32f7xx_it.o
                                        0x689 (size before relaxing)
 .debug_str     0x0000000000002815      0x25e bin/obj/syscalls.o
                                        0x42c (size before relaxing)
 .debug_str     0x0000000000002a73      0x173 bin/obj/system_clock.o
                                        0x36c (size before relaxing)
 .debug_str     0x0000000000002be6       0x91 bin/obj/system_stm32f7xx.o
                                        0x482 (size before relaxing)
 .debug_str     0x0000000000002c77       0x2d bin/obj/delay.o
                                        0x204 (size before relaxing)
 .debug_str     0x0000000000002ca4      0x13c bin/obj/flash.o
                                        0x3d1 (size before relaxing)
 .debug_str     0x0000000000002de0       0x11 bin/obj/hal.o
                                        0x1cd (size before relaxing)
 .debug_str     0x0000000000002df1      0x19e bin/obj/msg.o
                                        0x67f (size before relaxing)
 .debug_str     0x0000000000002f8f       0x1e bin/obj/util.o
                                        0x1ec (size before relaxing)
 .debug_str     0x0000000000002fad       0x64 bin/obj/vcp.o
                                        0x2af (size before relaxing)
 .debug_str     0x0000000000003011      0x2a8 bin/obj/stm32f7xx_hal.o
                                        0xbbf (size before relaxing)
 .debug_str     0x00000000000032b9      0x31e bin/obj/stm32f7xx_hal_cortex.o
                                        0xd78 (size before relaxing)
 .debug_str     0x00000000000035d7      0x261 bin/obj/stm32f7xx_hal_flash.o
                                        0x54f (size before relaxing)
 .debug_str     0x0000000000003838      0x253 bin/obj/stm32f7xx_hal_flash_ex.o
                                        0x61e (size before relaxing)
 .debug_str     0x0000000000003a8b       0xd5 bin/obj/stm32f7xx_hal_gpio.o
                                        0x51f (size before relaxing)
 .debug_str     0x0000000000003b60       0x63 bin/obj/stm32f7xx_hal_msp_template.o
                                        0x217 (size before relaxing)
 .debug_str     0x0000000000003bc3      0x515 bin/obj/stm32f7xx_hal_pcd.o
                                        0xcfd (size before relaxing)
 .debug_str     0x00000000000040d8       0x71 bin/obj/stm32f7xx_hal_pcd_ex.o
                                        0x68e (size before relaxing)
 .debug_str     0x0000000000004149      0x200 bin/obj/stm32f7xx_hal_pwr_ex.o
                                        0x67a (size before relaxing)
 .debug_str     0x0000000000004349      0x141 bin/obj/stm32f7xx_hal_rcc.o
                                        0x700 (size before relaxing)
 .debug_str     0x000000000000448a     0x10f6 bin/obj/stm32f7xx_hal_tim.o
                                       0x13c5 (size before relaxing)
 .debug_str     0x0000000000005580       0x9e bin/obj/stm32f7xx_hal_timebase_tim_template.o
                                        0xec5 (size before relaxing)
 .debug_str     0x000000000000561e      0x598 bin/obj/stm32f7xx_hal_tim_ex.o
                                        0xe4b (size before relaxing)
 .debug_str     0x0000000000005bb6      0x396 bin/obj/stm32f7xx_ll_usb.o
                                        0xbe2 (size before relaxing)
 .debug_str     0x0000000000005f4c      0x127 bin/obj/usbd_core.o
                                        0x84c (size before relaxing)
 .debug_str     0x0000000000006073       0xcd bin/obj/usbd_ctlreq.o
                                        0x766 (size before relaxing)
 .debug_str     0x0000000000006140       0x4a bin/obj/usbd_ioreq.o
                                        0x693 (size before relaxing)

.comment        0x0000000000000000       0x70
 .comment       0x0000000000000000       0x70 /tmp/ccaSDDCH.o
                                         0x71 (size before relaxing)
 .comment       0x0000000000000000       0x71 bin/obj/cmd.o
 .comment       0x0000000000000000       0x71 bin/obj/crc.o
 .comment       0x0000000000000000       0x71 bin/obj/bsp.o